Component: ARM Compiler 5.06 update 1 (build 61) Tool: armlink [4d35a8]

==============================================================================

Section Cross References

    startup_rvmdk.o(STACK) refers (Special) to heapauxi.o(.text) for __use_two_region_memory
    startup_rvmdk.o(HEAP) refers (Special) to heapauxi.o(.text) for __use_two_region_memory
    startup_rvmdk.o(RESET) refers (Special) to heapauxi.o(.text) for __use_two_region_memory
    startup_rvmdk.o(RESET) refers to startup_rvmdk.o(STACK) for StackMem
    startup_rvmdk.o(RESET) refers to __main.o(!!!main) for __main
    startup_rvmdk.o(.text) refers (Special) to heapauxi.o(.text) for __use_two_region_memory
    startup_rvmdk.o(.text) refers to startup_rvmdk.o(HEAP) for HeapMem
    startup_rvmdk.o(.text) refers to startup_rvmdk.o(STACK) for StackMem
    main.o(i.UART2Setup) refers to gpio.o(i.GPIOPinConfigure) for GPIOPinConfigure
    main.o(i.UART2Setup) refers to sysctl.o(i.SysCtlClockGet) for SysCtlClockGet
    main.o(i.UART2Setup) refers to uart.o(i.UARTFIFOEnable) for UARTFIFOEnable
    main.o(i.UART2Setup) refers to uart.o(i.UARTIntRegister) for UARTIntRegister
    main.o(i.UART2Setup) refers to interrupt.o(i.IntEnable) for IntEnable
    main.o(i.UART2Setup) refers to interrupt.o(i.IntPrioritySet) for IntPrioritySet
    main.o(i.UART2Setup) refers to sysctl.o(.emb_text) for SysCtlDelay
    main.o(i.UART2Setup) refers to main.o(i.fireHandler) for fireHandler
    main.o(i.UART4Handler) refers to uart.o(i.UARTIntClear) for UARTIntClear
    main.o(i.UART4Handler) refers to uart.o(i.UARTCharsAvail) for UARTCharsAvail
    main.o(i.UART4Handler) refers to uart.o(i.UARTCharGetNonBlocking) for UARTCharGetNonBlocking
    main.o(i.UART4Handler) refers to main.o(.data) for flag
    main.o(i.UART4Setup) refers to sysctl.o(i.SysCtlClockGet) for SysCtlClockGet
    main.o(i.UART4Setup) refers to uart.o(i.UARTFIFOEnable) for UARTFIFOEnable
    main.o(i.UART4Setup) refers to uart.o(i.UARTIntRegister) for UARTIntRegister
    main.o(i.UART4Setup) refers to interrupt.o(i.IntEnable) for IntEnable
    main.o(i.UART4Setup) refers to interrupt.o(i.IntPrioritySet) for IntPrioritySet
    main.o(i.UART4Setup) refers to sysctl.o(.emb_text) for SysCtlDelay
    main.o(i.UART4Setup) refers to main.o(i.UART4Handler) for UART4Handler
    main.o(i.convertFromRobotVelToMotorVel) refers to sinf.o(i.__hardfp_sinf) for __hardfp_sinf
    main.o(i.convertFromRobotVelToMotorVel) refers to cosf.o(i.__hardfp_cosf) for __hardfp_cosf
    main.o(i.convertFromRobotVelToMotorVel) refers to main.o(.data) for dir
    main.o(i.ctrlHandler) refers to atan2f.o(i.__hardfp_atan2f) for __hardfp_atan2f
    main.o(i.ctrlHandler) refers to main.o(i.convertFromRobotVelToMotorVel) for convertFromRobotVelToMotorVel
    main.o(i.ctrlHandler) refers to motorcontrol.o(i.Motor1) for Motor1
    main.o(i.ctrlHandler) refers to motorcontrol.o(i.Motor2) for Motor2
    main.o(i.ctrlHandler) refers to motorcontrol.o(i.Motor3) for Motor3
    main.o(i.ctrlHandler) refers to f2d.o(x$fpl$f2d) for __aeabi_f2d
    main.o(i.ctrlHandler) refers to sqrt.o(i.__hardfp_sqrt) for __hardfp_sqrt
    main.o(i.ctrlHandler) refers to d2f.o(x$fpl$d2f) for __aeabi_d2f
    main.o(i.ctrlHandler) refers to main.o(.data) for mode
    main.o(i.ctrlHandler) refers to main.o(.bss) for pos_ang
    main.o(i.fireHandler) refers to uart.o(i.UARTIntClear) for UARTIntClear
    main.o(i.fireHandler) refers to uart.o(i.UARTCharGetNonBlocking) for UARTCharGetNonBlocking
    main.o(i.fireHandler) refers to strcmpv7m.o(.text) for strcmp
    main.o(i.fireHandler) refers to main.o(.data) for mssg
    main.o(i.main) refers to sysctl.o(i.SysCtlClockGet) for SysCtlClockGet
    main.o(i.main) refers to systickdelay.o(i.sysTickSetup) for sysTickSetup
    main.o(i.main) refers to main.o(i.UART4Setup) for UART4Setup
    main.o(i.main) refers to pwm.o(i.PWM_Init) for PWM_Init
    main.o(i.main) refers to motorcontrol.o(i.MotorInput_Init) for MotorInput_Init
    main.o(i.main) refers to timerinitialization.o(i.wTimer1BInit) for wTimer1BInit
    main.o(i.main) refers to main.o(i.UART2Setup) for UART2Setup
    main.o(i.main) refers to pwmforservo.o(i.pwmModuleInit) for pwmModuleInit
    main.o(i.main) refers to pwmforservo.o(i.pwmB5Generate) for pwmB5Generate
    main.o(i.main) refers to pwmforservo.o(i.pwmB4Generate) for pwmB4Generate
    main.o(i.main) refers to systickdelay.o(i.sysTickDelay) for sysTickDelay
    main.o(i.main) refers to main.o(i.wTimer3BInit) for wTimer3BInit
    main.o(i.main) refers to main.o(i.timer1AInit) for timer1AInit
    main.o(i.main) refers to gyrompu6050.o(i.gyroTimerInit) for gyroTimerInit
    main.o(i.main) refers to gpio.o(i.GPIOPinTypeGPIOOutput) for GPIOPinTypeGPIOOutput
    main.o(i.main) refers to gpio.o(i.GPIOPadConfigSet) for GPIOPadConfigSet
    main.o(i.main) refers to gpio.o(i.GPIOPinWrite) for GPIOPinWrite
    main.o(i.main) refers to sysctl.o(.emb_text) for SysCtlDelay
[...]
    __rtentry2.o(.ARM.exidx) refers to __rtentry2.o(.ARM.Collect$$rtentry$$0000000A) for .ARM.Collect$$rtentry$$0000000A
    __rtentry2.o(.ARM.exidx) refers to __rtentry2.o(.ARM.Collect$$rtentry$$0000000B) for .ARM.Collect$$rtentry$$0000000B
    __rtentry2.o(.ARM.exidx) refers to __rtentry2.o(.ARM.Collect$$rtentry$$0000000D) for .ARM.Collect$$rtentry$$0000000D
    __rtentry4.o(.ARM.Collect$$rtentry$$00000004) refers to sys_stackheap_outer.o(.text) for __user_setup_stackheap
    __rtentry4.o(.ARM.exidx) refers to __rtentry4.o(.ARM.Collect$$rtentry$$00000004) for .ARM.Collect$$rtentry$$00000004
    rt_errno_addr.o(.text) refers to rt_errno_addr.o(.bss) for __aeabi_errno_addr_data
    rt_errno_addr_intlibspace.o(.text) refers to libspace.o(.bss) for __libspace_start
    dcmpi.o(x$fpl$dcmpinf) refers (Special) to usenofp.o(x$fpl$usenofp) for __I$use$fp
    libspace.o(.text) refers to libspace.o(.bss) for __libspace_start
    sys_stackheap_outer.o(.text) refers to libspace.o(.text) for __user_perproc_libspace
    sys_stackheap_outer.o(.text) refers to startup_rvmdk.o(.text) for __user_initial_stackheap
    exit.o(.text) refers to rtexit.o(.ARM.Collect$$rtexit$$00000000) for __rt_exit
    libinit.o(.ARM.Collect$$libinit$$00000000) refers (Special) to libinit2.o(.ARM.Collect$$libinit$$0000002E) for __rt_lib_init_alloca_1
    libinit.o(.ARM.Collect$$libinit$$00000000) refers (Special) to libinit2.o(.ARM.Collect$$libinit$$0000002C) for __rt_lib_init_argv_1
    libinit.o(.ARM.Collect$$libinit$$00000000) refers (Special) to libinit2.o(.ARM.Collect$$libinit$$0000001B) for __rt_lib_init_atexit_1
    libinit.o(.ARM.Collect$$libinit$$00000000) refers (Special) to libinit2.o(.ARM.Collect$$libinit$$00000021) for __rt_lib_init_clock_1
    libinit.o(.ARM.Collect$$libinit$$00000000) refers (Special) to libinit2.o(.ARM.Collect$$libinit$$00000032) for __rt_lib_init_cpp_1
    libinit.o(.ARM.Collect$$libinit$$00000000) refers (Special) to libinit2.o(.ARM.Collect$$libinit$$00000030) for __rt_lib_init_exceptions_1
    libinit.o(.ARM.Collect$$libinit$$00000000) refers (Special) to libinit2.o(.ARM.Collect$$libinit$$00000001) for __rt_lib_init_fp_1
    libinit.o(.ARM.Collect$$libinit$$00000000) refers (Special) to libinit2.o(.ARM.Collect$$libinit$$0000001F) for __rt_lib_init_fp_trap_1
    libinit.o(.ARM.Collect$$libinit$$00000000) refers (Special) to libinit2.o(.ARM.Collect$$libinit$$00000023) for __rt_lib_init_getenv_1
    libinit.o(.ARM.Collect$$libinit$$00000000) refers (Special) to libinit2.o(.ARM.Collect$$libinit$$0000000A) for __rt_lib_init_heap_1
    libinit.o(.ARM.Collect$$libinit$$00000000) refers (Special) to libinit2.o(.ARM.Collect$$libinit$$00000011) for __rt_lib_init_lc_collate_1
    libinit.o(.ARM.Collect$$libinit$$00000000) refers (Special) to libinit2.o(.ARM.Collect$$libinit$$00000013) for __rt_lib_init_lc_ctype_1
    libinit.o(.ARM.Collect$$libinit$$00000000) refers (Special) to libinit2.o(.ARM.Collect$$libinit$$00000015) for __rt_lib_init_lc_monetary_1
    libinit.o(.ARM.Collect$$libinit$$00000000) refers (Special) to libinit2.o(.ARM.Collect$$libinit$$00000017) for __rt_lib_init_lc_numeric_1
    libinit.o(.ARM.Collect$$libinit$$00000000) refers (Special) to libinit2.o(.ARM.Collect$$libinit$$00000019) for __rt_lib_init_lc_time_1
    libinit.o(.ARM.Collect$$libinit$$00000000) refers (Special) to libinit2.o(.ARM.Collect$$libinit$$00000004) for __rt_lib_init_preinit_1
    libinit.o(.ARM.Collect$$libinit$$00000000) refers (Special) to libinit2.o(.ARM.Collect$$libinit$$0000000E) for __rt_lib_init_rand_1
    libinit.o(.ARM.Collect$$libinit$$00000000) refers (Special) to libinit2.o(.ARM.Collect$$libinit$$00000033) for __rt_lib_init_return
    libinit.o(.ARM.Collect$$libinit$$00000000) refers (Special) to libinit2.o(.ARM.Collect$$libinit$$0000001D) for __rt_lib_init_signal_1
    libinit.o(.ARM.Collect$$libinit$$00000000) refers (Special) to libinit2.o(.ARM.Collect$$libinit$$00000025) for __rt_lib_init_stdio_1
    libinit.o(.ARM.Collect$$libinit$$00000000) refers (Special) to libinit2.o(.ARM.Collect$$libinit$$0000000C) for __rt_lib_init_user_alloc_1
    rtexit.o(.ARM.Collect$$rtexit$$00000000) refers (Special) to rtexit2.o(.ARM.Collect$$rtexit$$00000004) for __rt_exit_exit
    rtexit.o(.ARM.Collect$$rtexit$$00000000) refers (Special) to rtexit2.o(.ARM.Collect$$rtexit$$00000003) for __rt_exit_ls
    rtexit.o(.ARM.Collect$$rtexit$$00000000) refers (Special) to rtexit2.o(.ARM.Collect$$rtexit$$00000002) for __rt_exit_prels_1
    rtexit.o(.ARM.exidx) refers (Special) to rtexit2.o(.ARM.Collect$$rtexit$$00000004) for __rt_exit_exit
    rtexit.o(.ARM.exidx) refers (Special) to rtexit2.o(.ARM.Collect$$rtexit$$00000003) for __rt_exit_ls
    rtexit.o(.ARM.exidx) refers (Special) to rtexit2.o(.ARM.Collect$$rtexit$$00000002) for __rt_exit_prels_1
    rtexit.o(.ARM.exidx) refers to rtexit.o(.ARM.Collect$$rtexit$$00000000) for .ARM.Collect$$rtexit$$00000000
    libinit2.o(.ARM.Collect$$libinit$$00000001) refers to fpinit.o(x$fpl$fpinit) for _fp_init
    libinit2.o(.ARM.Collect$$libinit$$00000010) refers to libinit2.o(.ARM.Collect$$libinit$$0000000F) for .ARM.Collect$$libinit$$0000000F
    libinit2.o(.ARM.Collect$$libinit$$00000012) refers to libinit2.o(.ARM.Collect$$libinit$$0000000F) for .ARM.Collect$$libinit$$0000000F
    libinit2.o(.ARM.Collect$$libinit$$00000014) refers to libinit2.o(.ARM.Collect$$libinit$$0000000F) for .ARM.Collect$$libinit$$0000000F
    libinit2.o(.ARM.Collect$$libinit$$00000016) refers to libinit2.o(.ARM.Collect$$libinit$$0000000F) for .ARM.Collect$$libinit$$0000000F
    libinit2.o(.ARM.Collect$$libinit$$00000018) refers to libinit2.o(.ARM.Collect$$libinit$$0000000F) for .ARM.Collect$$libinit$$0000000F
    libinit2.o(.ARM.Collect$$libinit$$00000026) refers to argv_veneer.o(.emb_text) for __ARM_argv_veneer
    libinit2.o(.ARM.Collect$$libinit$$00000027) refers to argv_veneer.o(.emb_text) for __ARM_argv_veneer
    rtexit2.o(.ARM.Collect$$rtexit$$00000003) refers to libshutdown.o(.ARM.Collect$$libshutdown$$00000000) for __rt_lib_shutdown
    rtexit2.o(.ARM.Collect$$rtexit$$00000004) refers to sys_exit.o(.text) for _sys_exit
    rtexit2.o(.ARM.exidx) refers to rtexit2.o(.ARM.Collect$$rtexit$$00000001) for .ARM.Collect$$rtexit$$00000001
    rtexit2.o(.ARM.exidx) refers to rtexit2.o(.ARM.Collect$$rtexit$$00000003) for .ARM.Collect$$rtexit$$00000003
    rtexit2.o(.ARM.exidx) refers to rtexit2.o(.ARM.Collect$$rtexit$$00000004) for .ARM.Collect$$rtexit$$00000004
    argv_veneer.o(.emb_text) refers to no_argv.o(.text) for __ARM_get_argv
    sys_exit.o(.text) refers (Special) to use_no_semi.o(.text) for __I$use$semihosting
    sys_exit.o(.text) refers (Special) to indicate_semi.o(.text) for __semihosting_library_function
    _get_argv_nomalloc.o(.text) refers (Special) to hrguard.o(.text) for __heap_region$guard
    _get_argv_nomalloc.o(.text) refers to defsig_rtmem_outer.o(.text) for __rt_SIGRTMEM
    _get_argv_nomalloc.o(.text) refers to sys_command.o(.text) for _sys_command_string
    libshutdown.o(.ARM.Collect$$libshutdown$$00000000) refers (Special) to libshutdown2.o(.ARM.Collect$$libshutdown$$00000002) for __rt_lib_shutdown_cpp_1
    libshutdown.o(.ARM.Collect$$libshutdown$$00000000) refers (Special) to libshutdown2.o(.ARM.Collect$$libshutdown$$00000007) for __rt_lib_shutdown_fp_trap_1
    libshutdown.o(.ARM.Collect$$libshutdown$$00000000) refers (Special) to libshutdown2.o(.ARM.Collect$$libshutdown$$0000000F) for __rt_lib_shutdown_heap_1
    libshutdown.o(.ARM.Collect$$libshutdown$$00000000) refers (Special) to libshutdown2.o(.ARM.Collect$$libshutdown$$00000010) for __rt_lib_shutdown_return
    libshutdown.o(.ARM.Collect$$libshutdown$$00000000) refers (Special) to libshutdown2.o(.ARM.Collect$$libshutdown$$0000000A) for __rt_lib_shutdown_signal_1
    libshutdown.o(.ARM.Collect$$libshutdown$$00000000) refers (Special) to libshutdown2.o(.ARM.Collect$$libshutdown$$00000004) for __rt_lib_shutdown_stdio_1
    libshutdown.o(.ARM.Collect$$libshutdown$$00000000) refers (Special) to libshutdown2.o(.ARM.Collect$$libshutdown$$0000000C) for __rt_lib_shutdown_user_alloc_1
    sys_command.o(.text) refers (Special) to use_no_semi.o(.text) for __I$use$semihosting
    sys_command.o(.text) refers (Special) to indicate_semi.o(.text) for __semihosting_library_function
    defsig_rtmem_outer.o(.text) refers to defsig_rtmem_inner.o(.text) for __rt_SIGRTMEM_inner
    defsig_rtmem_outer.o(.text) refers to defsig_exit.o(.text) for __sig_exit
    defsig_rtmem_formal.o(.text) refers to rt_raise.o(.text) for __rt_raise
    rt_raise.o(.text) refers to __raise.o(.text) for __raise
    rt_raise.o(.text) refers to sys_exit.o(.text) for _sys_exit
    defsig_exit.o(.text) refers to sys_exit.o(.text) for _sys_exit
    defsig_rtmem_inner.o(.text) refers to defsig_general.o(.text) for __default_signal_display
    __raise.o(.text) refers to defsig.o(CL$$defsig) for __default_signal_handler
    defsig_general.o(.text) refers to sys_wrch.o(.text) for _ttywrch
    sys_wrch.o(.text) refers (Special) to use_no_semi.o(.text) for __I$use$semihosting
    sys_wrch.o(.text) refers (Special) to indicate_semi.o(.text) for __semihosting_library_function
    defsig.o(CL$$defsig) refers to defsig_rtmem_inner.o(.text) for __rt_SIGRTMEM_inner
    defsig_abrt_inner.o(.text) refers to defsig_general.o(.text) for __default_signal_display
    defsig_fpe_inner.o(.text) refers to defsig_general.o(.text) for __default_signal_display
    defsig_rtred_inner.o(.text) refers to defsig_general.o(.text) for __default_signal_display
    defsig_stak_inner.o(.text) refers to defsig_general.o(.text) for __default_signal_display
    defsig_pvfn_inner.o(.text) refers to defsig_general.o(.text) for __default_signal_display
    defsig_cppl_inner.o(.text) refers to defsig_general.o(.text) for __default_signal_display
    defsig_segv_inner.o(.text) refers to defsig_general.o(.text) for __default_signal_display
    defsig_other.o(.text) refers to defsig_general.o(.text) for __default_signal_display


==============================================================================

Removing Unused input sections from the image.

    Removing main.o(.constdata), (8 bytes).
    Removing systickdelay.o(i.sysTickDelayMicroSecond), (36 bytes).
    Removing timerinitialization.o(i.timer2AHandler), (148 bytes).
    Removing timerinitialization.o(i.timer2AInit), (104 bytes).
    Removing timerinitialization.o(.data), (5 bytes).
    Removing uartstdio.o(i.UARTStdioConfig), (108 bytes).
    Removing uartstdio.o(i.UARTgetc), (24 bytes).
    Removing uartstdio.o(i.UARTgets), (156 bytes).
    Removing uartstdio.o(i.UARTprintf), (26 bytes).
    Removing uartstdio.o(i.UARTvprintf), (592 bytes).
    Removing uartstdio.o(i.UARTwrite), (64 bytes).
    Removing uartstdio.o(.constdata), (28 bytes).
    Removing uartstdio.o(.conststring), (17 bytes).
    Removing uartstdio.o(.data), (5 bytes).
    Removing gyrompu6050.o(.constdata), (4 bytes).
    Removing i2c.o(i.i2cRecvByte), (216 bytes).
    Removing i2c.o(i.i2cSendBuf), (244 bytes).
    Removing gpio.o(i.GPIOADCTriggerDisable), (14 bytes).
    Removing gpio.o(i.GPIOADCTriggerEnable), (12 bytes).
    Removing gpio.o(i.GPIODMATriggerDisable), (14 bytes).
    Removing gpio.o(i.GPIODMATriggerEnable), (12 bytes).
    Removing gpio.o(i.GPIODirModeGet), (34 bytes).
    Removing gpio.o(i.GPIOIntClear), (6 bytes).
    Removing gpio.o(i.GPIOIntDisable), (14 bytes).
    Removing gpio.o(i.GPIOIntEnable), (12 bytes).
    Removing gpio.o(i.GPIOIntRegister), (88 bytes).
    Removing gpio.o(i.GPIOIntStatus), (14 bytes).
    Removing gpio.o(i.GPIOIntTypeGet), (68 bytes).
    Removing gpio.o(i.GPIOIntTypeSet), (80 bytes).
    Removing gpio.o(i.GPIOIntUnregister), (88 bytes).
    Removing gpio.o(i.GPIOPadConfigGet), (204 bytes).
    Removing gpio.o(i.GPIOPinRead), (6 bytes).
    Removing gpio.o(i.GPIOPinTypeADC), (28 bytes).
    Removing gpio.o(i.GPIOPinTypeCAN), (28 bytes).
    Removing gpio.o(i.GPIOPinTypeComparator), (28 bytes).
    Removing gpio.o(i.GPIOPinTypeComparatorOutput), (28 bytes).
    Removing gpio.o(i.GPIOPinTypeDIVSCLK), (28 bytes).
    Removing gpio.o(i.GPIOPinTypeEPI), (28 bytes).
    Removing gpio.o(i.GPIOPinTypeEthernetLED), (28 bytes).
    Removing gpio.o(i.GPIOPinTypeEthernetMII), (28 bytes).
    Removing gpio.o(i.GPIOPinTypeGPIOInput), (28 bytes).
    Removing gpio.o(i.GPIOPinTypeGPIOOutputOD), (28 bytes).
    Removing gpio.o(i.GPIOPinTypeHibernateRTCCLK), (28 bytes).
    Removing gpio.o(i.GPIOPinTypeI2C), (28 bytes).
    Removing gpio.o(i.GPIOPinTypeI2CSCL), (28 bytes).
    Removing gpio.o(i.GPIOPinTypeLCD), (28 bytes).
    Removing gpio.o(i.GPIOPinTypeOneWire), (28 bytes).
    Removing gpio.o(i.GPIOPinTypePWM), (28 bytes).
    Removing gpio.o(i.GPIOPinTypeQEI), (28 bytes).
    Removing gpio.o(i.GPIOPinTypeSSI), (28 bytes).
    Removing gpio.o(i.GPIOPinTypeTimer), (28 bytes).
    Removing gpio.o(i.GPIOPinTypeTrace), (28 bytes).
    Removing gpio.o(i.GPIOPinTypeUART), (28 bytes).
    Removing gpio.o(i.GPIOPinTypeUSBAnalog), (28 bytes).
    Removing gpio.o(i.GPIOPinTypeUSBDigital), (28 bytes).
    Removing gpio.o(i.GPIOPinTypeWakeHigh), (30 bytes).
    Removing gpio.o(i.GPIOPinTypeWakeLow), (30 bytes).
    Removing gpio.o(i.GPIOPinWakeStatus), (6 bytes).
    Removing interrupt.o(i.IntDisable), (100 bytes).
    Removing interrupt.o(i.IntIsEnabled), (96 bytes).
    Removing interrupt.o(i.IntMasterDisable), (14 bytes).
    Removing interrupt.o(i.IntMasterEnable), (14 bytes).
    Removing interrupt.o(i.IntPendClear), (68 bytes).
    Removing interrupt.o(i.IntPendSet), (84 bytes).
    Removing interrupt.o(i.IntPriorityGet), (28 bytes).
    Removing interrupt.o(i.IntPriorityGroupingGet), (36 bytes).
    Removing interrupt.o(i.IntPriorityGroupingSet), (28 bytes).
    Removing interrupt.o(i.IntPriorityMaskGet), (4 bytes).
    Removing interrupt.o(i.IntPriorityMaskSet), (4 bytes).
    Removing interrupt.o(i.IntTrigger), (12 bytes).
    Removing interrupt.o(i.IntUnregister), (20 bytes).
    Removing interrupt.o(i._IntDefaultHandler), (2 bytes).
    Removing sysctl.o(i.SysCtlAltClkConfig), (12 bytes).
    Removing sysctl.o(i.SysCtlClockFreqSet), (712 bytes).
    Removing sysctl.o(i.SysCtlClockOutConfig), (20 bytes).
    Removing sysctl.o(i.SysCtlClockSet), (288 bytes).
    Removing sysctl.o(i.SysCtlDeepSleep), (32 bytes).
    Removing sysctl.o(i.SysCtlDeepSleepClockConfigSet), (112 bytes).
    Removing sysctl.o(i.SysCtlDeepSleepClockSet), (12 bytes).
    Removing sysctl.o(i.SysCtlDeepSleepPowerSet), (12 bytes).
    Removing sysctl.o(i.SysCtlFlashSectorSizeGet), (56 bytes).
    Removing sysctl.o(i.SysCtlFlashSizeGet), (56 bytes).
    Removing sysctl.o(i.SysCtlGPIOAHBDisable), (28 bytes).
    Removing sysctl.o(i.SysCtlGPIOAHBEnable), (24 bytes).
    Removing sysctl.o(i.SysCtlIntClear), (12 bytes).
    Removing sysctl.o(i.SysCtlIntDisable), (16 bytes).
    Removing sysctl.o(i.SysCtlIntEnable), (16 bytes).
    Removing sysctl.o(i.SysCtlIntRegister), (20 bytes).
    Removing sysctl.o(i.SysCtlIntStatus), (16 bytes).
    Removing sysctl.o(i.SysCtlIntUnregister), (18 bytes).
    Removing sysctl.o(i.SysCtlLDODeepSleepGet), (12 bytes).
    Removing sysctl.o(i.SysCtlLDODeepSleepSet), (12 bytes).
    Removing sysctl.o(i.SysCtlLDOSleepGet), (12 bytes).
    Removing sysctl.o(i.SysCtlLDOSleepSet), (12 bytes).
    Removing sysctl.o(i.SysCtlMOSCConfigSet), (12 bytes).
    Removing sysctl.o(i.SysCtlNMIClear), (16 bytes).
    Removing sysctl.o(i.SysCtlNMIStatus), (12 bytes).
    Removing sysctl.o(i.SysCtlPIOSCCalibrate), (76 bytes).
    Removing sysctl.o(i.SysCtlPWMClockGet), (24 bytes).
    Removing sysctl.o(i.SysCtlPWMClockSet), (20 bytes).
    Removing sysctl.o(i.SysCtlPeripheralClockGating), (68 bytes).
    Removing sysctl.o(i.SysCtlPeripheralDeepSleepDisable), (40 bytes).
    Removing sysctl.o(i.SysCtlPeripheralDeepSleepEnable), (40 bytes).
    Removing sysctl.o(i.SysCtlPeripheralDisable), (40 bytes).
    Removing sysctl.o(i.SysCtlPeripheralPowerOff), (40 bytes).
    Removing sysctl.o(i.SysCtlPeripheralPowerOn), (40 bytes).
    Removing sysctl.o(i.SysCtlPeripheralPresent), (44 bytes).
    Removing sysctl.o(i.SysCtlPeripheralReady), (44 bytes).
    Removing sysctl.o(i.SysCtlPeripheralReset), (60 bytes).
    Removing sysctl.o(i.SysCtlPeripheralSleepDisable), (40 bytes).
    Removing sysctl.o(i.SysCtlPeripheralSleepEnable), (40 bytes).
    Removing sysctl.o(i.SysCtlReset), (16 bytes).
    Removing sysctl.o(i.SysCtlResetBehaviorGet), (12 bytes).
    Removing sysctl.o(i.SysCtlResetBehaviorSet), (12 bytes).
    Removing sysctl.o(i.SysCtlResetCauseClear), (16 bytes).
    Removing sysctl.o(i.SysCtlResetCauseGet), (12 bytes).
    Removing sysctl.o(i.SysCtlSRAMSizeGet), (16 bytes).
    Removing sysctl.o(i.SysCtlSleep), (4 bytes).
    Removing sysctl.o(i.SysCtlSleepPowerSet), (12 bytes).
    Removing sysctl.o(i.SysCtlUSBPLLDisable), (16 bytes).
    Removing sysctl.o(i.SysCtlUSBPLLEnable), (16 bytes).
    Removing sysctl.o(i.SysCtlVoltageEventClear), (16 bytes).
    Removing sysctl.o(i.SysCtlVoltageEventConfig), (12 bytes).
    Removing sysctl.o(i.SysCtlVoltageEventStatus), (12 bytes).
    Removing systick.o(i.SysTickDisable), (14 bytes).
    Removing systick.o(i.SysTickEnable), (14 bytes).
    Removing systick.o(i.SysTickIntDisable), (14 bytes).
    Removing systick.o(i.SysTickIntEnable), (14 bytes).
    Removing systick.o(i.SysTickIntRegister), (24 bytes).
    Removing systick.o(i.SysTickIntUnregister), (18 bytes).
    Removing systick.o(i.SysTickPeriodGet), (10 bytes).
    Removing systick.o(i.SysTickPeriodSet), (10 bytes).
    Removing timer.o(i.TimerADCEventGet), (4 bytes).
    Removing timer.o(i.TimerADCEventSet), (4 bytes).
    Removing timer.o(i.TimerClockSourceGet), (6 bytes).
    Removing timer.o(i.TimerClockSourceSet), (6 bytes).
    Removing timer.o(i.TimerConfigure), (96 bytes).
    Removing timer.o(i.TimerControlEvent), (18 bytes).
    Removing timer.o(i.TimerControlLevel), (22 bytes).
    Removing timer.o(i.TimerControlStall), (22 bytes).
    Removing timer.o(i.TimerControlTrigger), (80 bytes).
    Removing timer.o(i.TimerControlWaitOnTrigger), (48 bytes).
    Removing timer.o(i.TimerDMAEventGet), (4 bytes).
    Removing timer.o(i.TimerDMAEventSet), (4 bytes).
    Removing timer.o(i.TimerEnable), (14 bytes).
    Removing timer.o(i.TimerIntDisable), (10 bytes).
    Removing timer.o(i.TimerIntEnable), (8 bytes).
    Removing timer.o(i.TimerIntStatus), (10 bytes).
    Removing timer.o(i.TimerIntUnregister), (104 bytes).
    Removing timer.o(i.TimerLoadGet), (10 bytes).
    Removing timer.o(i.TimerLoadGet64), (14 bytes).
    Removing timer.o(i.TimerLoadSet), (18 bytes).
    Removing timer.o(i.TimerLoadSet64), (6 bytes).
    Removing timer.o(i.TimerMatchGet), (10 bytes).
    Removing timer.o(i.TimerMatchGet64), (14 bytes).
    Removing timer.o(i.TimerMatchSet), (18 bytes).
    Removing timer.o(i.TimerMatchSet64), (6 bytes).
    Removing timer.o(i.TimerPrescaleGet), (10 bytes).
    Removing timer.o(i.TimerPrescaleMatchGet), (10 bytes).
    Removing timer.o(i.TimerPrescaleMatchSet), (18 bytes).
    Removing timer.o(i.TimerPrescaleSet), (18 bytes).
    Removing timer.o(i.TimerRTCDisable), (10 bytes).
    Removing timer.o(i.TimerRTCEnable), (10 bytes).
    Removing timer.o(i.TimerSynchronize), (4 bytes).
    Removing timer.o(i.TimerUpdateMode), (42 bytes).
    Removing timer.o(i.TimerValueGet), (10 bytes).
    Removing timer.o(i.TimerValueGet64), (14 bytes).
    Removing uart.o(i.UART9BitAddrSend), (38 bytes).
    Removing uart.o(i.UART9BitAddrSet), (10 bytes).
    Removing uart.o(i.UART9BitDisable), (14 bytes).
    Removing uart.o(i.UART9BitEnable), (14 bytes).
    Removing uart.o(i.UARTBreakCtl), (18 bytes).
    Removing uart.o(i.UARTBusy), (8 bytes).
    Removing uart.o(i.UARTCharGet), (12 bytes).
    Removing uart.o(i.UARTCharPut), (12 bytes).
    Removing uart.o(i.UARTCharPutNonBlocking), (16 bytes).
    Removing uart.o(i.UARTClockSourceGet), (6 bytes).
    Removing uart.o(i.UARTClockSourceSet), (6 bytes).
    Removing uart.o(i.UARTConfigGetExpClk), (46 bytes).
    Removing uart.o(i.UARTConfigSetExpClk), (110 bytes).
    Removing uart.o(i.UARTDMADisable), (10 bytes).
    Removing uart.o(i.UARTDMAEnable), (8 bytes).
    Removing uart.o(i.UARTDisable), (30 bytes).
    Removing uart.o(i.UARTDisableSIR), (10 bytes).
    Removing uart.o(i.UARTEnable), (20 bytes).
    Removing uart.o(i.UARTEnableSIR), (18 bytes).
    Removing uart.o(i.UARTFIFODisable), (10 bytes).
    Removing uart.o(i.UARTFIFOLevelGet), (16 bytes).
    Removing uart.o(i.UARTFIFOLevelSet), (6 bytes).
    Removing uart.o(i.UARTFlowControlGet), (8 bytes).
    Removing uart.o(i.UARTFlowControlSet), (12 bytes).
    Removing uart.o(i.UARTIntDisable), (10 bytes).
    Removing uart.o(i.UARTIntEnable), (8 bytes).
    Removing uart.o(i.UARTIntStatus), (10 bytes).
    Removing uart.o(i.UARTIntUnregister), (88 bytes).
    Removing uart.o(i.UARTLoopbackEnable), (10 bytes).
    Removing uart.o(i.UARTModemControlClear), (14 bytes).
    Removing uart.o(i.UARTModemControlGet), (8 bytes).
    Removing uart.o(i.UARTModemControlSet), (12 bytes).
    Removing uart.o(i.UARTModemStatusGet), (10 bytes).
    Removing uart.o(i.UARTParityModeGet), (8 bytes).
    Removing uart.o(i.UARTParityModeSet), (12 bytes).
    Removing uart.o(i.UARTRxErrorClear), (6 bytes).
    Removing uart.o(i.UARTRxErrorGet), (8 bytes).
    Removing uart.o(i.UARTSmartCardDisable), (10 bytes).
    Removing uart.o(i.UARTSmartCardEnable), (22 bytes).
    Removing uart.o(i.UARTSpaceAvail), (10 bytes).
    Removing uart.o(i.UARTTxIntModeGet), (8 bytes).
    Removing uart.o(i.UARTTxIntModeSet), (12 bytes).
    Removing cpu.o(.emb_text), (38 bytes).

210 unused section(s) (total 7591 bytes) removed from the image.

==============================================================================

Image Symbol Table

    Local Symbols

    Symbol Name                              Value     Ov Type        Size  Object(Section)

    RESET                                    0x00000000   Section      648  startup_rvmdk.o(RESET)
    ../clib/angel/boardlib.s                 0x00000000   Number         0  boardinit1.o ABSOLUTE
    ../clib/angel/boardlib.s                 0x00000000   Number         0  boardshut.o ABSOLUTE
    ../clib/angel/boardlib.s                 0x00000000   Number         0  boardinit3.o ABSOLUTE
    ../clib/angel/boardlib.s                 0x00000000   Number         0  boardinit2.o ABSOLUTE
    ../clib/angel/dczerorl2.s                0x00000000   Number         0  __dczerorl2.o ABSOLUTE
    ../clib/angel/handlers.s                 0x00000000   Number         0  __scatter_zi.o ABSOLUTE
    ../clib/angel/kernel.s                   0x00000000   Number         0  __rtentry.o ABSOLUTE
    ../clib/angel/kernel.s                   0x00000000   Number         0  rtexit2.o ABSOLUTE
    ../clib/angel/kernel.s                   0x00000000   Number         0  __rtentry4.o ABSOLUTE
    ../clib/angel/kernel.s                   0x00000000   Number         0  __rtentry2.o ABSOLUTE
    ../clib/angel/kernel.s                   0x00000000   Number         0  rtexit.o ABSOLUTE
    ../clib/angel/rt.s                       0x00000000   Number         0  rt_errno_addr.o ABSOLUTE
    ../clib/angel/rt.s                       0x00000000   Number         0  rt_errno_addr_intlibspace.o ABSOLUTE
    ../clib/angel/rt.s                       0x00000000   Number         0  rt_raise.o ABSOLUTE
    ../clib/angel/scatter.s                  0x00000000   Number         0  __scatter.o ABSOLUTE
    ../clib/angel/startup.s                  0x00000000   Number         0  __main.o ABSOLUTE
    ../clib/angel/sys.s                      0x00000000   Number         0  indicate_semi.o ABSOLUTE
    ../clib/angel/sys.s                      0x00000000   Number         0  use_no_semi.o ABSOLUTE
    ../clib/angel/sys.s                      0x00000000   Number         0  libspace.o ABSOLUTE
    ../clib/angel/sys.s                      0x00000000   Number         0  sys_stackheap_outer.o ABSOLUTE
    ../clib/angel/sysapp.c                   0x00000000   Number         0  sys_command.o ABSOLUTE
    ../clib/angel/sysapp.c                   0x00000000   Number         0  sys_exit.o ABSOLUTE
    ../clib/angel/sysapp.c                   0x00000000   Number         0  sys_wrch.o ABSOLUTE
    ../clib/armsys.c                         0x00000000   Number         0  no_argv.o ABSOLUTE
    ../clib/armsys.c                         0x00000000   Number         0  _get_argv_nomalloc.o ABSOLUTE
    ../clib/armsys.c                         0x00000000   Number         0  argv_veneer.o ABSOLUTE
    ../clib/armsys.c                         0x00000000   Number         0  argv_veneer.o ABSOLUTE
    ../clib/fenv.c                           0x00000000   Number         0  _rserrno.o ABSOLUTE
    ../clib/heapalloc.c                      0x00000000   Number         0  hrguard.o ABSOLUTE
    ../clib/heapaux.c                        0x00000000   Number         0  heapauxi.o ABSOLUTE
    ../clib/libinit.s                        0x00000000   Number         0  libshutdown2.o ABSOLUTE
    ../clib/libinit.s                        0x00000000   Number         0  libinit.o ABSOLUTE
    ../clib/libinit.s                        0x00000000   Number         0  libshutdown.o ABSOLUTE
    ../clib/libinit.s                        0x00000000   Number         0  libinit2.o ABSOLUTE
    ../clib/memcpset.s                       0x00000000   Number         0  strcmpv7m.o ABSOLUTE
    ../clib/signal.c                         0x00000000   Number         0  defsig_rtmem_formal.o ABSOLUTE
    ../clib/signal.c                         0x00000000   Number         0  defsig_rtmem_outer.o ABSOLUTE
    ../clib/signal.c                         0x00000000   Number         0  defsig_pvfn_inner.o ABSOLUTE
    ../clib/signal.c                         0x00000000   Number         0  defsig_general.o ABSOLUTE
    ../clib/signal.c                         0x00000000   Number         0  __raise.o ABSOLUTE
    ../clib/signal.c                         0x00000000   Number         0  defsig_rtmem_inner.o ABSOLUTE
    ../clib/signal.c                         0x00000000   Number         0  defsig_exit.o ABSOLUTE
    ../clib/signal.c                         0x00000000   Number         0  defsig_abrt_inner.o ABSOLUTE
    ../clib/signal.c                         0x00000000   Number         0  defsig_fpe_inner.o ABSOLUTE
    ../clib/signal.c                         0x00000000   Number         0  defsig_rtred_inner.o ABSOLUTE
    ../clib/signal.c                         0x00000000   Number         0  defsig_stak_inner.o ABSOLUTE
    ../clib/signal.c                         0x00000000   Number         0  defsig_cppl_inner.o ABSOLUTE
    ../clib/signal.c                         0x00000000   Number         0  defsig_segv_inner.o ABSOLUTE
    ../clib/signal.c                         0x00000000   Number         0  defsig_other.o ABSOLUTE
    ../clib/signal.s                         0x00000000   Number         0  defsig.o ABSOLUTE
    ../clib/stdlib.c                         0x00000000   Number         0  exit.o ABSOLUTE
    ../fplib/d2f.s                           0x00000000   Number         0  d2f.o ABSOLUTE
    ../fplib/dcmpi.s                         0x00000000   Number         0  dcmpi.o ABSOLUTE
    ../fplib/dleqf.s                         0x00000000   Number         0  dleqf.o ABSOLUTE
    ../fplib/dnaninf.s                       0x00000000   Number         0  dnaninf.o ABSOLUTE
    ../fplib/dretinf.s                       0x00000000   Number         0  dretinf.o ABSOLUTE
    ../fplib/dsqrt.s                         0x00000000   Number         0  dsqrt_umaal.o ABSOLUTE
    ../fplib/f2d.s                           0x00000000   Number         0  f2d.o ABSOLUTE
    ../fplib/fnaninf.s                       0x00000000   Number         0  fnaninf.o ABSOLUTE
    ../fplib/fpinit.s                        0x00000000   Number         0  fpinit.o ABSOLUTE
    ../fplib/fretinf.s                       0x00000000   Number         0  fretinf.o ABSOLUTE
    ../fplib/usenofp.s                       0x00000000   Number         0  usenofp.o ABSOLUTE
    ../mathlib/atan2f.c                      0x00000000   Number         0  atan2f.o ABSOLUTE
    ../mathlib/atan2f.c                      0x00000000   Number         0  atan2f_x.o ABSOLUTE
    ../mathlib/cosf.c                        0x00000000   Number         0  cosf.o ABSOLUTE
    ../mathlib/cosf.c                        0x00000000   Number         0  cosf_x.o ABSOLUTE
    ../mathlib/fpclassifyf.c                 0x00000000   Number         0  fpclassifyf.o ABSOLUTE
    ../mathlib/funder.c                      0x00000000   Number         0  funder.o ABSOLUTE
    ../mathlib/rredf.c                       0x00000000   Number         0  rredf.o ABSOLUTE
    ../mathlib/sinf.c                        0x00000000   Number         0  sinf.o ABSOLUTE
    ../mathlib/sinf.c                        0x00000000   Number         0  sinf_x.o ABSOLUTE
    ../mathlib/sqrt.c                        0x00000000   Number         0  sqrt.o ABSOLUTE
    ../mathlib/sqrt.c                        0x00000000   Number         0  sqrt_x.o ABSOLUTE
    C:\ti\startup_rvmdk.S                    0x00000000   Number         0  startup_rvmdk.o ABSOLUTE
    MotorControl.c                           0x00000000   Number         0  motorcontrol.o ABSOLUTE
    PWM.c                                    0x00000000   Number         0  pwm.o ABSOLUTE
    cpu.c                                    0x00000000   Number         0  cpu.o ABSOLUTE
    cpu.c                                    0x00000000   Number         0  cpu.o ABSOLUTE
    dc.s                                     0x00000000   Number         0  dc.o ABSOLUTE
    gpio.c                                   0x00000000   Number         0  gpio.o ABSOLUTE
    gyroMpu6050.c                            0x00000000   Number         0  gyrompu6050.o ABSOLUTE
    i2c.c                                    0x00000000   Number         0  i2c.o ABSOLUTE
    interrupt.c                              0x00000000   Number         0  interrupt.o ABSOLUTE
    main.c                                   0x00000000   Number         0  main.o ABSOLUTE
    pwmForServo.c                            0x00000000   Number         0  pwmforservo.o ABSOLUTE
    sysTickDelay.c                           0x00000000   Number         0  systickdelay.o ABSOLUTE
    sysctl.c                                 0x00000000   Number         0  sysctl.o ABSOLUTE
    sysctl.c                                 0x00000000   Number         0  sysctl.o ABSOLUTE
    systick.c                                0x00000000   Number         0  systick.o ABSOLUTE
    timer.c                                  0x00000000   Number         0  timer.o ABSOLUTE
    timerInitialization.c                    0x00000000   Number         0  timerinitialization.o ABSOLUTE
    uart.c                                   0x00000000   Number         0  uart.o ABSOLUTE
    uartstdio.c                              0x00000000   Number         0  uartstdio.o ABSOLUTE
    $v0                                      0x0000026c   Number         0  startup_rvmdk.o(RESET)
    NmiSR                                    0x00000281   Thumb Code     0  startup_rvmdk.o(RESET)
    FaultISR                                 0x00000283   Thumb Code     0  startup_rvmdk.o(RESET)
    IntDefaultHandler                        0x00000285   Thumb Code     0  startup_rvmdk.o(RESET)
    !!!main                                  0x00000288   Section        8  __main.o(!!!main)
    !!!scatter                               0x00000290   Section       52  __scatter.o(!!!scatter)
    !!dczerorl2                              0x000002c4   Section       90  __dczerorl2.o(!!dczerorl2)
    !!handler_zi                             0x00000320   Section       28  __scatter_zi.o(!!handler_zi)
    .ARM.Collect$$libinit$$00000000          0x0000033c   Section        2  libinit.o(.ARM.Collect$$libinit$$00000000)
    .ARM.Collect$$libinit$$00000001          0x0000033e   Section        4  libinit2.o(.ARM.Collect$$libinit$$00000001)
    .ARM.Collect$$libinit$$00000004          0x00000342   Section        0  libinit2.o(.ARM.Collect$$libinit$$00000004)
    .ARM.Collect$$libinit$$0000000A          0x00000342   Section        0  libinit2.o(.ARM.Collect$$libinit$$0000000A)
    .ARM.Collect$$libinit$$0000000C          0x00000342   Section        0  libinit2.o(.ARM.Collect$$libinit$$0000000C)
    .ARM.Collect$$libinit$$0000000E          0x00000342   Section        0  libinit2.o(.ARM.Collect$$libinit$$0000000E)
    .ARM.Collect$$libinit$$00000011          0x00000342   Section        0  libinit2.o(.ARM.Collect$$libinit$$00000011)
    .ARM.Collect$$libinit$$00000013          0x00000342   Section        0  libinit2.o(.ARM.Collect$$libinit$$00000013)
    .ARM.Collect$$libinit$$00000015          0x00000342   Section        0  libinit2.o(.ARM.Collect$$libinit$$00000015)
    .ARM.Collect$$libinit$$00000017          0x00000342   Section        0  libinit2.o(.ARM.Collect$$libinit$$00000017)
    .ARM.Collect$$libinit$$00000019          0x00000342   Section        0  libinit2.o(.ARM.Collect$$libinit$$00000019)
    .ARM.Collect$$libinit$$0000001B          0x00000342   Section        0  libinit2.o(.ARM.Collect$$libinit$$0000001B)
    .ARM.Collect$$libinit$$0000001D          0x00000342   Section        0  libinit2.o(.ARM.Collect$$libinit$$0000001D)
    .ARM.Collect$$libinit$$0000001F          0x00000342   Section        0  libinit2.o(.ARM.Collect$$libinit$$0000001F)
    .ARM.Collect$$libinit$$00000021          0x00000342   Section        0  libinit2.o(.ARM.Collect$$libinit$$00000021)
    .ARM.Collect$$libinit$$00000023          0x00000342   Section        0  libinit2.o(.ARM.Collect$$libinit$$00000023)
    .ARM.Collect$$libinit$$00000025          0x00000342   Section        0  libinit2.o(.ARM.Collect$$libinit$$00000025)
    .ARM.Collect$$libinit$$0000002C          0x00000342   Section        0  libinit2.o(.ARM.Collect$$libinit$$0000002C)
    .ARM.Collect$$libinit$$0000002E          0x00000342   Section        0  libinit2.o(.ARM.Collect$$libinit$$0000002E)
    .ARM.Collect$$libinit$$00000030          0x00000342   Section        0  libinit2.o(.ARM.Collect$$libinit$$00000030)
    .ARM.Collect$$libinit$$00000032          0x00000342   Section        0  libinit2.o(.ARM.Collect$$libinit$$00000032)
    .ARM.Collect$$libinit$$00000033          0x00000342   Section        2  libinit2.o(.ARM.Collect$$libinit$$00000033)
    .ARM.Collect$$libshutdown$$00000000      0x00000344   Section        2  libshutdown.o(.ARM.Collect$$libshutdown$$00000000)
    .ARM.Collect$$libshutdown$$00000002      0x00000346   Section        0  libshutdown2.o(.ARM.Collect$$libshutdown$$00000002)
    .ARM.Collect$$libshutdown$$00000004      0x00000346   Section        0  libshutdown2.o(.ARM.Collect$$libshutdown$$00000004)
    .ARM.Collect$$libshutdown$$00000007      0x00000346   Section        0  libshutdown2.o(.ARM.Collect$$libshutdown$$00000007)
    .ARM.Collect$$libshutdown$$0000000A      0x00000346   Section        0  libshutdown2.o(.ARM.Collect$$libshutdown$$0000000A)
    .ARM.Collect$$libshutdown$$0000000C      0x00000346   Section        0  libshutdown2.o(.ARM.Collect$$libshutdown$$0000000C)
    .ARM.Collect$$libshutdown$$0000000F      0x00000346   Section        0  libshutdown2.o(.ARM.Collect$$libshutdown$$0000000F)
    .ARM.Collect$$libshutdown$$00000010      0x00000346   Section        2  libshutdown2.o(.ARM.Collect$$libshutdown$$00000010)
    .ARM.Collect$$rtentry$$00000000          0x00000348   Section        0  __rtentry.o(.ARM.Collect$$rtentry$$00000000)
    .ARM.Collect$$rtentry$$00000002          0x00000348   Section        0  __rtentry2.o(.ARM.Collect$$rtentry$$00000002)
    .ARM.Collect$$rtentry$$00000004          0x00000348   Section        6  __rtentry4.o(.ARM.Collect$$rtentry$$00000004)
    .ARM.Collect$$rtentry$$00000009          0x0000034e   Section        0  __rtentry2.o(.ARM.Collect$$rtentry$$00000009)
    .ARM.Collect$$rtentry$$0000000A          0x0000034e   Section        4  __rtentry2.o(.ARM.Collect$$rtentry$$0000000A)
    .ARM.Collect$$rtentry$$0000000C          0x00000352   Section        0  __rtentry2.o(.ARM.Collect$$rtentry$$0000000C)
    .ARM.Collect$$rtentry$$0000000D          0x00000352   Section        8  __rtentry2.o(.ARM.Collect$$rtentry$$0000000D)
    .ARM.Collect$$rtexit$$00000000           0x0000035a   Section        2  rtexit.o(.ARM.Collect$$rtexit$$00000000)
    .ARM.Collect$$rtexit$$00000002           0x0000035c   Section        0  rtexit2.o(.ARM.Collect$$rtexit$$00000002)
    .ARM.Collect$$rtexit$$00000003           0x0000035c   Section        4  rtexit2.o(.ARM.Collect$$rtexit$$00000003)
    .ARM.Collect$$rtexit$$00000004           0x00000360   Section        6  rtexit2.o(.ARM.Collect$$rtexit$$00000004)
    .emb_text                                0x00000368   Section        6  sysctl.o(.emb_text)
    $v0                                      0x00000368   Number         0  sysctl.o(.emb_text)
    .text                                    0x00000370   Section       24  startup_rvmdk.o(.text)
    $v0                                      0x00000370   Number         0  startup_rvmdk.o(.text)
    .text                                    0x00000388   Section      128  strcmpv7m.o(.text)
    .text                                    0x00000408   Section        0  heapauxi.o(.text)
    .text                                    0x0000040e   Section        0  _rserrno.o(.text)
    .text                                    0x00000424   Section        8  rt_errno_addr_intlibspace.o(.text)
    .text                                    0x0000042c   Section        8  libspace.o(.text)
    .text                                    0x00000434   Section       74  sys_stackheap_outer.o(.text)
    .text                                    0x0000047e   Section        0  exit.o(.text)
    .text                                    0x00000490   Section        0  sys_exit.o(.text)
    .text                                    0x0000049c   Section        2  use_no_semi.o(.text)
    .text                                    0x0000049e   Section        0  indicate_semi.o(.text)
    i.GPIODirModeSet                         0x0000049e   Section        0  gpio.o(i.GPIODirModeSet)
    i.GPIOPadConfigSet                       0x000004c6   Section        0  gpio.o(i.GPIOPadConfigSet)
    i.GPIOPinConfigure                       0x00000600   Section        0  gpio.o(i.GPIOPinConfigure)
    i.GPIOPinTypeGPIOOutput                  0x00000644   Section        0  gpio.o(i.GPIOPinTypeGPIOOutput)
    i.GPIOPinWrite                           0x00000660   Section        0  gpio.o(i.GPIOPinWrite)
    i.IntEnable                              0x00000668   Section        0  interrupt.o(i.IntEnable)
    i.IntPrioritySet                         0x000006cc   Section        0  interrupt.o(i.IntPrioritySet)
    i.IntRegister                            0x000006f4   Section        0  interrupt.o(i.IntRegister)
    i.Motor1                                 0x00000728   Section        0  motorcontrol.o(i.Motor1)
    i.Motor2                                 0x00000784   Section        0  motorcontrol.o(i.Motor2)
    i.Motor3                                 0x000007d8   Section        0  motorcontrol.o(i.Motor3)
    i.MotorInput_Init                        0x0000082c   Section        0  motorcontrol.o(i.MotorInput_Init)
    i.PWM_Init                               0x000009c0   Section        0  pwm.o(i.PWM_Init)
    i.SetupI2C                               0x00000b38   Section        0  i2c.o(i.SetupI2C)
    i.SysCtlClockGet                         0x00000bb8   Section        0  sysctl.o(i.SysCtlClockGet)
    i.SysCtlPeripheralEnable                 0x00000d0c   Section        0  sysctl.o(i.SysCtlPeripheralEnable)
    i.SysTickValueGet                        0x00000d34   Section        0  systick.o(i.SysTickValueGet)
    i.TimerDisable                           0x00000d3c   Section        0  timer.o(i.TimerDisable)
    i.TimerIntClear                          0x00000d4c   Section        0  timer.o(i.TimerIntClear)
    i.TimerIntRegister                       0x00000d50   Section        0  timer.o(i.TimerIntRegister)
    i.UART2Setup                             0x00000db8   Section        0  main.o(i.UART2Setup)
    i.UART4Handler                           0x00000e90   Section        0  main.o(i.UART4Handler)
    i.UART4Setup                             0x00001080   Section        0  main.o(i.UART4Setup)
    i.UARTCharGetNonBlocking                 0x00001164   Section        0  uart.o(i.UARTCharGetNonBlocking)
    i.UARTCharsAvail                         0x00001174   Section        0  uart.o(i.UARTCharsAvail)
    i.UARTFIFOEnable                         0x0000117e   Section        0  uart.o(i.UARTFIFOEnable)
    i.UARTIntClear                           0x00001188   Section        0  uart.o(i.UARTIntClear)
    i.UARTIntRegister                        0x0000118c   Section        0  uart.o(i.UARTIntRegister)
    i.__ARM_fpclassifyf                      0x000011e4   Section        0  fpclassifyf.o(i.__ARM_fpclassifyf)
    i.__hardfp_atan2f                        0x0000120c   Section        0  atan2f.o(i.__hardfp_atan2f)
    i.__hardfp_cosf                          0x0000145c   Section        0  cosf.o(i.__hardfp_cosf)
    i.__hardfp_sinf                          0x000015ac   Section        0  sinf.o(i.__hardfp_sinf)
    i.__hardfp_sqrt                          0x0000173c   Section        0  sqrt.o(i.__hardfp_sqrt)
    i.__mathlib_flt_infnan                   0x000017b6   Section        0  funder.o(i.__mathlib_flt_infnan)
    i.__mathlib_flt_infnan2                  0x000017bc   Section        0  funder.o(i.__mathlib_flt_infnan2)
    i.__mathlib_flt_invalid                  0x000017c4   Section        0  funder.o(i.__mathlib_flt_invalid)
    i.__mathlib_flt_underflow                0x000017d4   Section        0  funder.o(i.__mathlib_flt_underflow)
    i.__mathlib_rredf2                       0x000017e4   Section        0  rredf.o(i.__mathlib_rredf2)
    i.convertFromRobotVelToMotorVel          0x00001938   Section        0  main.o(i.convertFromRobotVelToMotorVel)
    i.ctrlHandler                            0x00001aa4   Section        0  main.o(i.ctrlHandler)
    i.fireHandler                            0x0000215c   Section        0  main.o(i.fireHandler)
    i.gyroTimerHandler                       0x000021a0   Section        0  gyrompu6050.o(i.gyroTimerHandler)
    i.gyroTimerInit                          0x0000229c   Section        0  gyrompu6050.o(i.gyroTimerInit)
    i.i2cRecvBuf                             0x00002478   Section        0  i2c.o(i.i2cRecvBuf)
    i.i2cSendByte                            0x00002580   Section        0  i2c.o(i.i2cSendByte)
    i.main                                   0x00002680   Section        0  main.o(i.main)
    i.pwmB4Generate                          0x00002880   Section        0  pwmforservo.o(i.pwmB4Generate)
    i.pwmB5Generate                          0x0000288c   Section        0  pwmforservo.o(i.pwmB5Generate)
    i.pwmModuleInit                          0x00002898   Section        0  pwmforservo.o(i.pwmModuleInit)
    i.set_duty1                              0x00002980   Section        0  pwm.o(i.set_duty1)
    i.set_duty2                              0x0000298c   Section        0  pwm.o(i.set_duty2)
    i.set_duty3                              0x00002998   Section        0  pwm.o(i.set_duty3)
    i.sysTickDelay                           0x000029a4   Section        0  systickdelay.o(i.sysTickDelay)
    i.sysTickSetup                           0x000029c6   Section        0  systickdelay.o(i.sysTickSetup)
    i.sysTickWait                            0x000029e4   Section        0  systickdelay.o(i.sysTickWait)
    i.timer1AHandler                         0x00002a04   Section        0  main.o(i.timer1AHandler)
    i.timer1AInit                            0x00002a88   Section        0  main.o(i.timer1AInit)
    i.wTimer1BHandler                        0x00002af0   Section        0  timerinitialization.o(i.wTimer1BHandler)
    i.wTimer1BInit                           0x00002b30   Section        0  timerinitialization.o(i.wTimer1BInit)
    i.wTimer3BInit                           0x00002ba4   Section        0  main.o(i.wTimer3BInit)
    x$fpl$d2f                                0x00002c18   Section       98  d2f.o(x$fpl$d2f)
    $v0                                      0x00002c18   Number         0  d2f.o(x$fpl$d2f)
    x$fpl$dnaninf                            0x00002c7a   Section      156  dnaninf.o(x$fpl$dnaninf)
    $v0                                      0x00002c7a   Number         0  dnaninf.o(x$fpl$dnaninf)
    x$fpl$dretinf                            0x00002d16   Section       12  dretinf.o(x$fpl$dretinf)
    $v0                                      0x00002d16   Number         0  dretinf.o(x$fpl$dretinf)
    x$fpl$dsqrt                              0x00002d24   Section      408  dsqrt_umaal.o(x$fpl$dsqrt)
    $v0                                      0x00002d24   Number         0  dsqrt_umaal.o(x$fpl$dsqrt)
    x$fpl$f2d                                0x00002ebc   Section       86  f2d.o(x$fpl$f2d)
    $v0                                      0x00002ebc   Number         0  f2d.o(x$fpl$f2d)
    x$fpl$fnaninf                            0x00002f12   Section      140  fnaninf.o(x$fpl$fnaninf)
    $v0                                      0x00002f12   Number         0  fnaninf.o(x$fpl$fnaninf)
    x$fpl$fpinit                             0x00002f9e   Section       10  fpinit.o(x$fpl$fpinit)
    $v0                                      0x00002f9e   Number         0  fpinit.o(x$fpl$fpinit)
    x$fpl$fretinf                            0x00002fa8   Section       10  fretinf.o(x$fpl$fretinf)
    $v0                                      0x00002fa8   Number         0  fretinf.o(x$fpl$fretinf)
    x$fpl$usenofp                            0x00002fb2   Section        0  usenofp.o(x$fpl$usenofp)
    .constdata                               0x00002fb4   Section      528  gpio.o(.constdata)
    g_ppui32GPIOIntMapBlizzard               0x00002fb4   Data         192  gpio.o(.constdata)
    g_ppui32GPIOIntMapSnowflake              0x00003074   Data         192  gpio.o(.constdata)
    g_pui32GPIOBaseAddrs                     0x00003134   Data         144  gpio.o(.constdata)
    .constdata                               0x000031c4   Section      268  interrupt.o(.constdata)
    g_pui32Priority                          0x000031c4   Data          32  interrupt.o(.constdata)
    g_pui32Regs                              0x000031e4   Data         156  interrupt.o(.constdata)
    g_pui32EnRegs                            0x00003280   Data          20  interrupt.o(.constdata)
    g_pui32Dii16Regs                         0x00003294   Data          20  interrupt.o(.constdata)
    g_pui32PendRegs                          0x000032a8   Data          20  interrupt.o(.constdata)
    g_pui32UnpendRegs                        0x000032bc   Data          20  interrupt.o(.constdata)
    .constdata                               0x000032d0   Section      452  sysctl.o(.constdata)
    g_pui32VCOFrequencies                    0x000032d0   Data           8  sysctl.o(.constdata)
    g_pui32Xtals                             0x000032d8   Data         108  sysctl.o(.constdata)
    g_pppui32XTALtoVCO                       0x00003344   Data         288  sysctl.o(.constdata)
    g_sXTALtoMEMTIM                          0x00003464   Data          48  sysctl.o(.constdata)
    .constdata                               0x00003494   Section      160  timer.o(.constdata)
    g_ppui32TimerIntMap                      0x00003494   Data          96  timer.o(.constdata)
    g_ppui32TimerIntMapSnowflake             0x000034f4   Data          64  timer.o(.constdata)
    .constdata                               0x00003534   Section      128  uart.o(.constdata)
    g_ppui32UARTIntMap                       0x00003534   Data          64  uart.o(.constdata)
    g_ppui32UARTIntMapSnowflake              0x00003574   Data          64  uart.o(.constdata)
    .constdata                               0x000035b4   Section       32  rredf.o(.constdata)
    twooverpi                                0x000035b4   Data          32  rredf.o(.constdata)
    .data                                    0x20000000   Section      232  main.o(.data)
    .data                                    0x200000e8   Section       40  gyrompu6050.o(.data)
    .data                                    0x20000110   Section        4  i2c.o(.data)
    vtable                                   0x20000400   Section      620  interrupt.o(vtable)
    g_pfnRAMVectors                          0x20000400   Data         620  interrupt.o(vtable)
    .bss                                     0x2000066c   Section       92  main.o(.bss)
    .bss                                     0x200006c8   Section       14  gyrompu6050.o(.bss)
    .bss                                     0x200006d8   Section       96  libspace.o(.bss)
    HEAP                                     0x20000738   Section        0  startup_rvmdk.o(HEAP)
    STACK                                    0x20000738   Section      256  startup_rvmdk.o(STACK)
    HeapMem                                  0x20000738   Data           0  startup_rvmdk.o(HEAP)
    StackMem                                 0x20000738   Data           0  startup_rvmdk.o(STACK)

    Global Symbols

    Symbol Name                              Value     Ov Type        Size  Object(Section)

    BuildAttributes$$THM_ISAv4$E$P$D$K$B$S$7EM$VFPi3$EXTD16$VFPS$VFMA$PE$A:L22UL41UL21$X:L11$S22US41US21$IEEE1$IW$USESV6$~STKCKD$USESV7$~SHL$OTIME$ROPI$IEEEX$EBA8$UX$STANDARDLIB$REQ8$PRES8$EABIv2 0x00000000   Number         0  anon$$obj.o ABSOLUTE
    __ARM_use_no_argv                        0x00000000   Number         0  main.o ABSOLUTE
    __Vectors                                0x00000000   Data           0  startup_rvmdk.o(RESET)
    __ARM_exceptions_init                     - Undefined Weak Reference
    __alloca_initialize                       - Undefined Weak Reference
    __arm_preinit_                            - Undefined Weak Reference
    __cpp_initialize__aeabi_                  - Undefined Weak Reference
    __cxa_finalize                            - Undefined Weak Reference
    __rt_locale                               - Undefined Weak Reference
    __sigvec_lookup                           - Undefined Weak Reference
    _atexit_init                              - Undefined Weak Reference
    _call_atexit_fns                          - Undefined Weak Reference
    _clock_init                               - Undefined Weak Reference
    _fp_trap_init                             - Undefined Weak Reference
    _fp_trap_shutdown                         - Undefined Weak Reference
    _get_lc_collate                           - Undefined Weak Reference
    _get_lc_ctype                             - Undefined Weak Reference
    _get_lc_monetary                          - Undefined Weak Reference
    _get_lc_numeric                           - Undefined Weak Reference
    _get_lc_time                              - Undefined Weak Reference
    _getenv_init                              - Undefined Weak Reference
    _handle_redirection                       - Undefined Weak Reference
    _init_alloc                               - Undefined Weak Reference
    _init_user_alloc                          - Undefined Weak Reference
    _initio                                   - Undefined Weak Reference
    _rand_init                                - Undefined Weak Reference
    _signal_finish                            - Undefined Weak Reference
    _signal_init                              - Undefined Weak Reference
    _terminate_alloc                          - Undefined Weak Reference
    _terminate_user_alloc                     - Undefined Weak Reference
    _terminateio                              - Undefined Weak Reference
    Reset_Handler                            0x0000026d   Thumb Code     0  startup_rvmdk.o(RESET)
    __main                                   0x00000289   Thumb Code     8  __main.o(!!!main)
    __scatterload                            0x00000291   Thumb Code     0  __scatter.o(!!!scatter)
    __scatterload_rt2                        0x00000291   Thumb Code    44  __scatter.o(!!!scatter)
    __scatterload_rt2_thumb_only             0x00000291   Thumb Code     0  __scatter.o(!!!scatter)
    __scatterload_null                       0x0000029f   Thumb Code     0  __scatter.o(!!!scatter)
    __decompress                             0x000002c5   Thumb Code    90  __dczerorl2.o(!!dczerorl2)
    __decompress1                            0x000002c5   Thumb Code     0  __dczerorl2.o(!!dczerorl2)
    __scatterload_zeroinit                   0x00000321   Thumb Code    28  __scatter_zi.o(!!handler_zi)
    __rt_lib_init                            0x0000033d   Thumb Code     0  libinit.o(.ARM.Collect$$libinit$$00000000)
    __rt_lib_init_fp_1                       0x0000033f   Thumb Code     0  libinit2.o(.ARM.Collect$$libinit$$00000001)
    __rt_lib_init_alloca_1                   0x00000343   Thumb Code     0  libinit2.o(.ARM.Collect$$libinit$$0000002E)
    __rt_lib_init_argv_1                     0x00000343   Thumb Code     0  libinit2.o(.ARM.Collect$$libinit$$0000002C)
    __rt_lib_init_atexit_1                   0x00000343   Thumb Code     0  libinit2.o(.ARM.Collect$$libinit$$0000001B)
    __rt_lib_init_clock_1                    0x00000343   Thumb Code     0  libinit2.o(.ARM.Collect$$libinit$$00000021)
    __rt_lib_init_cpp_1                      0x00000343   Thumb Code     0  libinit2.o(.ARM.Collect$$libinit$$00000032)
    __rt_lib_init_exceptions_1               0x00000343   Thumb Code     0  libinit2.o(.ARM.Collect$$libinit$$00000030)
    __rt_lib_init_fp_trap_1                  0x00000343   Thumb Code     0  libinit2.o(.ARM.Collect$$libinit$$0000001F)
    __rt_lib_init_getenv_1                   0x00000343   Thumb Code     0  libinit2.o(.ARM.Collect$$libinit$$00000023)
    __rt_lib_init_heap_1                     0x00000343   Thumb Code     0  libinit2.o(.ARM.Collect$$libinit$$0000000A)
    __rt_lib_init_lc_collate_1               0x00000343   Thumb Code     0  libinit2.o(.ARM.Collect$$libinit$$00000011)
    __rt_lib_init_lc_ctype_1                 0x00000343   Thumb Code     0  libinit2.o(.ARM.Collect$$libinit$$00000013)
    __rt_lib_init_lc_monetary_1              0x00000343   Thumb Code     0  libinit2.o(.ARM.Collect$$libinit$$00000015)
    __rt_lib_init_lc_numeric_1               0x00000343   Thumb Code     0  libinit2.o(.ARM.Collect$$libinit$$00000017)
    __rt_lib_init_lc_time_1                  0x00000343   Thumb Code     0  libinit2.o(.ARM.Collect$$libinit$$00000019)
    __rt_lib_init_preinit_1                  0x00000343   Thumb Code     0  libinit2.o(.ARM.Collect$$libinit$$00000004)
    __rt_lib_init_rand_1                     0x00000343   Thumb Code     0  libinit2.o(.ARM.Collect$$libinit$$0000000E)
    __rt_lib_init_return                     0x00000343   Thumb Code     0  libinit2.o(.ARM.Collect$$libinit$$00000033)
    __rt_lib_init_signal_1                   0x00000343   Thumb Code     0  libinit2.o(.ARM.Collect$$libinit$$0000001D)
    __rt_lib_init_stdio_1                    0x00000343   Thumb Code     0  libinit2.o(.ARM.Collect$$libinit$$00000025)
    __rt_lib_init_user_alloc_1               0x00000343   Thumb Code     0  libinit2.o(.ARM.Collect$$libinit$$0000000C)
    __rt_lib_shutdown                        0x00000345   Thumb Code     0  libshutdown.o(.ARM.Collect$$libshutdown$$00000000)
    __rt_lib_shutdown_cpp_1                  0x00000347   Thumb Code     0  libshutdown2.o(.ARM.Collect$$libshutdown$$00000002)
    __rt_lib_shutdown_fp_trap_1              0x00000347   Thumb Code     0  libshutdown2.o(.ARM.Collect$$libshutdown$$00000007)
    __rt_lib_shutdown_heap_1                 0x00000347   Thumb Code     0  libshutdown2.o(.ARM.Collect$$libshutdown$$0000000F)
    __rt_lib_shutdown_return                 0x00000347   Thumb Code     0  libshutdown2.o(.ARM.Collect$$libshutdown$$00000010)
    __rt_lib_shutdown_signal_1               0x00000347   Thumb Code     0  libshutdown2.o(.ARM.Collect$$libshutdown$$0000000A)
    __rt_lib_shutdown_stdio_1                0x00000347   Thumb Code     0  libshutdown2.o(.ARM.Collect$$libshutdown$$00000004)
    __rt_lib_shutdown_user_alloc_1           0x00000347   Thumb Code     0  libshutdown2.o(.ARM.Collect$$libshutdown$$0000000C)
    __rt_entry                               0x00000349   Thumb Code     0  __rtentry.o(.ARM.Collect$$rtentry$$00000000)
    __rt_entry_presh_1                       0x00000349   Thumb Code     0  __rtentry2.o(.ARM.Collect$$rtentry$$00000002)
    __rt_entry_sh                            0x00000349   Thumb Code     0  __rtentry4.o(.ARM.Collect$$rtentry$$00000004)
    __rt_entry_li                            0x0000034f   Thumb Code     0  __rtentry2.o(.ARM.Collect$$rtentry$$0000000A)
    __rt_entry_postsh_1                      0x0000034f   Thumb Code     0  __rtentry2.o(.ARM.Collect$$rtentry$$00000009)
    __rt_entry_main                          0x00000353   Thumb Code     0  __rtentry2.o(.ARM.Collect$$rtentry$$0000000D)
    __rt_entry_postli_1                      0x00000353   Thumb Code     0  __rtentry2.o(.ARM.Collect$$rtentry$$0000000C)
    __rt_exit                                0x0000035b   Thumb Code     0  rtexit.o(.ARM.Collect$$rtexit$$00000000)
    __rt_exit_ls                             0x0000035d   Thumb Code     0  rtexit2.o(.ARM.Collect$$rtexit$$00000003)
    __rt_exit_prels_1                        0x0000035d   Thumb Code     0  rtexit2.o(.ARM.Collect$$rtexit$$00000002)
    __rt_exit_exit                           0x00000361   Thumb Code     0  rtexit2.o(.ARM.Collect$$rtexit$$00000004)
    SysCtlDelay                              0x00000369   Thumb Code     6  sysctl.o(.emb_text)
    __user_initial_stackheap                 0x00000371   Thumb Code     0  startup_rvmdk.o(.text)
    strcmp                                   0x00000389   Thumb Code   128  strcmpv7m.o(.text)
    __use_two_region_memory                  0x00000409   Thumb Code     2  heapauxi.o(.text)
    __rt_heap_escrow$2region                 0x0000040b   Thumb Code     2  heapauxi.o(.text)
    __rt_heap_expand$2region                 0x0000040d   Thumb Code     2  heapauxi.o(.text)
    __read_errno                             0x0000040f   Thumb Code    10  _rserrno.o(.text)
    __set_errno                              0x00000419   Thumb Code    12  _rserrno.o(.text)
    __aeabi_errno_addr                       0x00000425   Thumb Code     8  rt_errno_addr_intlibspace.o(.text)
    __errno$intlibspace                      0x00000425   Thumb Code     0  rt_errno_addr_intlibspace.o(.text)
    __rt_errno_addr$intlibspace              0x00000425   Thumb Code     0  rt_errno_addr_intlibspace.o(.text)
    __user_libspace                          0x0000042d   Thumb Code     8  libspace.o(.text)
    __user_perproc_libspace                  0x0000042d   Thumb Code     0  libspace.o(.text)
    __user_perthread_libspace                0x0000042d   Thumb Code     0  libspace.o(.text)
    __user_setup_stackheap                   0x00000435   Thumb Code    74  sys_stackheap_outer.o(.text)
    exit                                     0x0000047f   Thumb Code    18  exit.o(.text)
    _sys_exit                                0x00000491   Thumb Code     8  sys_exit.o(.text)
    __I$use$semihosting                      0x0000049d   Thumb Code     0  use_no_semi.o(.text)
    __use_no_semihosting_swi                 0x0000049d   Thumb Code     2  use_no_semi.o(.text)
    GPIODirModeSet                           0x0000049f   Thumb Code    40  gpio.o(i.GPIODirModeSet)
    __semihosting_library_function           0x0000049f   Thumb Code     0  indicate_semi.o(.text)
    GPIOPadConfigSet                         0x000004c7   Thumb Code   312  gpio.o(i.GPIOPadConfigSet)
    GPIOPinConfigure                         0x00000601   Thumb Code    60  gpio.o(i.GPIOPinConfigure)
    GPIOPinTypeGPIOOutput                    0x00000645   Thumb Code    28  gpio.o(i.GPIOPinTypeGPIOOutput)
    GPIOPinWrite                             0x00000661   Thumb Code     6  gpio.o(i.GPIOPinWrite)
    IntEnable                                0x00000669   Thumb Code    92  interrupt.o(i.IntEnable)
    IntPrioritySet                           0x000006cd   Thumb Code    36  interrupt.o(i.IntPrioritySet)
    IntRegister                              0x000006f5   Thumb Code    44  interrupt.o(i.IntRegister)
    Motor1                                   0x00000729   Thumb Code    78  motorcontrol.o(i.Motor1)
    Motor2                                   0x00000785   Thumb Code    74  motorcontrol.o(i.Motor2)
    Motor3                                   0x000007d9   Thumb Code    74  motorcontrol.o(i.Motor3)
    MotorInput_Init                          0x0000082d   Thumb Code   362  motorcontrol.o(i.MotorInput_Init)
    PWM_Init                                 0x000009c1   Thumb Code   344  pwm.o(i.PWM_Init)
    SetupI2C                                 0x00000b39   Thumb Code   114  i2c.o(i.SetupI2C)
    SysCtlClockGet                           0x00000bb9   Thumb Code   304  sysctl.o(i.SysCtlClockGet)
    SysCtlPeripheralEnable                   0x00000d0d   Thumb Code    36  sysctl.o(i.SysCtlPeripheralEnable)
    SysTickValueGet                          0x00000d35   Thumb Code     8  systick.o(i.SysTickValueGet)
    TimerDisable                             0x00000d3d   Thumb Code    16  timer.o(i.TimerDisable)
    TimerIntClear                            0x00000d4d   Thumb Code     4  timer.o(i.TimerIntClear)
    TimerIntRegister                         0x00000d51   Thumb Code    88  timer.o(i.TimerIntRegister)
    UART2Setup                               0x00000db9   Thumb Code   186  main.o(i.UART2Setup)
    UART4Handler                             0x00000e91   Thumb Code   426  main.o(i.UART4Handler)
    UART4Setup                               0x00001081   Thumb Code   198  main.o(i.UART4Setup)
    UARTCharGetNonBlocking                   0x00001165   Thumb Code    16  uart.o(i.UARTCharGetNonBlocking)
    UARTCharsAvail                           0x00001175   Thumb Code    10  uart.o(i.UARTCharsAvail)
    UARTFIFOEnable                           0x0000117f   Thumb Code    10  uart.o(i.UARTFIFOEnable)
    UARTIntClear                             0x00001189   Thumb Code     4  uart.o(i.UARTIntClear)
    UARTIntRegister                          0x0000118d   Thumb Code    70  uart.o(i.UARTIntRegister)
    __ARM_fpclassifyf                        0x000011e5   Thumb Code    38  fpclassifyf.o(i.__ARM_fpclassifyf)
    __hardfp_atan2f                          0x0000120d   Thumb Code   502  atan2f.o(i.__hardfp_atan2f)
    __hardfp_cosf                            0x0000145d   Thumb Code   280  cosf.o(i.__hardfp_cosf)
    __hardfp_sinf                            0x000015ad   Thumb Code   344  sinf.o(i.__hardfp_sinf)
    __hardfp_sqrt                            0x0000173d   Thumb Code   122  sqrt.o(i.__hardfp_sqrt)
    __mathlib_flt_infnan                     0x000017b7   Thumb Code     6  funder.o(i.__mathlib_flt_infnan)
    __mathlib_flt_infnan2                    0x000017bd   Thumb Code     6  funder.o(i.__mathlib_flt_infnan2)
    __mathlib_flt_invalid                    0x000017c5   Thumb Code    10  funder.o(i.__mathlib_flt_invalid)
    __mathlib_flt_underflow                  0x000017d5   Thumb Code    10  funder.o(i.__mathlib_flt_underflow)
    __mathlib_rredf2                         0x000017e5   Thumb Code   316  rredf.o(i.__mathlib_rredf2)
    convertFromRobotVelToMotorVel            0x00001939   Thumb Code   334  main.o(i.convertFromRobotVelToMotorVel)
    ctrlHandler                              0x00001aa5   Thumb Code  1666  main.o(i.ctrlHandler)
    fireHandler                              0x0000215d   Thumb Code    52  main.o(i.fireHandler)
    gyroTimerHandler                         0x000021a1   Thumb Code   208  gyrompu6050.o(i.gyroTimerHandler)
    gyroTimerInit                            0x0000229d   Thumb Code   428  gyrompu6050.o(i.gyroTimerInit)
    i2cRecvBuf                               0x00002479   Thumb Code   260  i2c.o(i.i2cRecvBuf)
    i2cSendByte                              0x00002581   Thumb Code   250  i2c.o(i.i2cSendByte)
    main                                     0x00002681   Thumb Code   440  main.o(i.main)
    pwmB4Generate                            0x00002881   Thumb Code     8  pwmforservo.o(i.pwmB4Generate)
    pwmB5Generate                            0x0000288d   Thumb Code     8  pwmforservo.o(i.pwmB5Generate)
    pwmModuleInit                            0x00002899   Thumb Code   202  pwmforservo.o(i.pwmModuleInit)
    set_duty1                                0x00002981   Thumb Code     6  pwm.o(i.set_duty1)
    set_duty2                                0x0000298d   Thumb Code     6  pwm.o(i.set_duty2)
    set_duty3                                0x00002999   Thumb Code     6  pwm.o(i.set_duty3)
    sysTickDelay                             0x000029a5   Thumb Code    34  systickdelay.o(i.sysTickDelay)
    sysTickSetup                             0x000029c7   Thumb Code    30  systickdelay.o(i.sysTickSetup)
    sysTickWait                              0x000029e5   Thumb Code    32  systickdelay.o(i.sysTickWait)
    timer1AHandler                           0x00002a05   Thumb Code   112  main.o(i.timer1AHandler)
    timer1AInit                              0x00002a89   Thumb Code    92  main.o(i.timer1AInit)
    wTimer1BHandler                          0x00002af1   Thumb Code    58  timerinitialization.o(i.wTimer1BHandler)
    wTimer1BInit                             0x00002b31   Thumb Code    98  timerinitialization.o(i.wTimer1BInit)
    wTimer3BInit                             0x00002ba5   Thumb Code    98  main.o(i.wTimer3BInit)
    __aeabi_d2f                              0x00002c19   Thumb Code     0  d2f.o(x$fpl$d2f)
    _d2f                                     0x00002c19   Thumb Code    98  d2f.o(x$fpl$d2f)
    __fpl_dnaninf                            0x00002c7b   Thumb Code   156  dnaninf.o(x$fpl$dnaninf)
    __fpl_dretinf                            0x00002d17   Thumb Code    12  dretinf.o(x$fpl$dretinf)
    _dsqrt                                   0x00002d25   Thumb Code   404  dsqrt_umaal.o(x$fpl$dsqrt)
    __aeabi_f2d                              0x00002ebd   Thumb Code     0  f2d.o(x$fpl$f2d)
    _f2d                                     0x00002ebd   Thumb Code    86  f2d.o(x$fpl$f2d)
    __fpl_fnaninf                            0x00002f13   Thumb Code   140  fnaninf.o(x$fpl$fnaninf)
    _fp_init                                 0x00002f9f   Thumb Code    10  fpinit.o(x$fpl$fpinit)
    __fplib_config_fpu_vfp                   0x00002fa7   Thumb Code     0  fpinit.o(x$fpl$fpinit)
    __fplib_config_pureend_doubles           0x00002fa7   Thumb Code     0  fpinit.o(x$fpl$fpinit)
    __fpl_fretinf                            0x00002fa9   Thumb Code    10  fretinf.o(x$fpl$fretinf)
    __I$use$fp                               0x00002fb2   Number         0  usenofp.o(x$fpl$usenofp)
    Region$$Table$$Base                      0x000035d4   Number         0  anon$$obj.o(Region$$Table)
    Region$$Table$$Limit                     0x000035f4   Number         0  anon$$obj.o(Region$$Table)
    systemClock                              0x20000000   Data           4  main.o(.data)
    STOOOP                                   0x20000004   Data           4  main.o(.data)
    xMe                                      0x20000008   Data           4  main.o(.data)
    yMe                                      0x2000000c   Data           4  main.o(.data)
    xOp                                      0x20000010   Data           4  main.o(.data)
    yOp                                      0x20000014   Data           4  main.o(.data)
    angle                                    0x20000018   Data           4  main.o(.data)
    angleOp                                  0x2000001c   Data           4  main.o(.data)
    xMe_                                     0x20000020   Data           4  main.o(.data)
    yMe_                                     0x20000024   Data           4  main.o(.data)
    xOp_                                     0x20000028   Data           4  main.o(.data)
    yOp_                                     0x2000002c   Data           4  main.o(.data)
    angle_                                   0x20000030   Data           4  main.o(.data)
    dir                                      0x20000034   Data           3  main.o(.data)
    angle_target                             0x20000038   Data           4  main.o(.data)
    flag                                     0x2000003c   Data           1  main.o(.data)
    route_x                                  0x20000040   Data          44  main.o(.data)
    route_y                                  0x2000006c   Data          44  main.o(.data)
    pos_index                                0x20000098   Data           4  main.o(.data)
    pwm_offset                               0x2000009c   Data           4  main.o(.data)
    torque                                   0x200000a0   Data           4  main.o(.data)
    pos_error                                0x200000a4   Data           4  main.o(.data)
    xFire                                    0x200000a8   Data           4  main.o(.data)
    yFire                                    0x200000ac   Data           4  main.o(.data)
    mode                                     0x200000b0   Data           4  main.o(.data)
    errorPeriod                              0x200000b4   Data           4  main.o(.data)
    mssg                                     0x200000b8   Data           3  main.o(.data)
    cmpStr                                   0x200000bb   Data           3  main.o(.data)
    servoHold                                0x200000c0   Data           4  main.o(.data)
    servoMin                                 0x200000c4   Data           4  main.o(.data)
    servoFire                                0x200000c8   Data           4  main.o(.data)
    servoPosition                            0x200000cc   Data           4  main.o(.data)
    direction                                0x200000d0   Data           4  main.o(.data)
    didIFire                                 0x200000d4   Data           4  main.o(.data)
    fireFlag                                 0x200000d8   Data           1  main.o(.data)
    maxAngleError                            0x200000dc   Data           4  main.o(.data)
    waitForFirePeriod                        0x200000e0   Data           4  main.o(.data)
    pidPeriod                                0x200000e4   Data           4  main.o(.data)
    a                                        0x200000e8   Data           4  gyrompu6050.o(.data)
    temp                                     0x200000ec   Data           1  gyrompu6050.o(.data)
    AcX                                      0x200000ee   Data           2  gyrompu6050.o(.data)
    AcY                                      0x200000f0   Data           2  gyrompu6050.o(.data)
    AcZ                                      0x200000f2   Data           2  gyrompu6050.o(.data)
    Tmp                                      0x200000f4   Data           2  gyrompu6050.o(.data)
    GyX                                      0x200000f6   Data           2  gyrompu6050.o(.data)
    GyY                                      0x200000f8   Data           2  gyrompu6050.o(.data)
    GyZ                                      0x200000fa   Data           2  gyrompu6050.o(.data)
    gyroNow                                  0x200000fc   Data           4  gyrompu6050.o(.data)
    gyroResol                                0x20000100   Data           4  gyrompu6050.o(.data)
    GxOffSet                                 0x20000104   Data           4  gyrompu6050.o(.data)
    GyOffSet                                 0x20000108   Data           4  gyrompu6050.o(.data)
    GzOffSet                                 0x2000010c   Data           4  gyrompu6050.o(.data)
    I2C_PORT                                 0x20000110   Data           4  i2c.o(.data)
    pos_ang                                  0x2000066c   Data          40  main.o(.bss)
    ang                                      0x20000694   Data          40  main.o(.bss)
    w                                        0x200006bc   Data          12  main.o(.bss)
    buffer                                   0x200006c8   Data          14  gyrompu6050.o(.bss)
    __libspace_start                         0x200006d8   Data          96  libspace.o(.bss)
    __temporary_stack_top$libspace           0x20000738   Data           0  libspace.o(.bss)



==============================================================================

Memory Map of the image

  Image Entry point : 0x0000026d

  Load Region LR_1 (Base: 0x00000000, Size: 0x00003c60, Max: 0xffffffff, ABSOLUTE, COMPRESSED[0x00003650])

    Execution Region ER_RO (Base: 0x00000000, Size: 0x000035f4, Max: 0xffffffff, ABSOLUTE)

    Base Addr    Size         Type   Attr      Idx    E Section Name        Object

    0x00000000   0x00000288   Code   RO            3  * RESET               startup_rvmdk.o
    0x00000288   0x00000008   Code   RO         1860  * !!!main             c_w.l(__main.o)
    0x00000290   0x00000034   Code   RO         2112    !!!scatter          c_w.l(__scatter.o)
    0x000002c4   0x0000005a   Code   RO         2110    !!dczerorl2         c_w.l(__dczerorl2.o)
    0x0000031e   0x00000002   PAD
    0x00000320   0x0000001c   Code   RO         2114    !!handler_zi        c_w.l(__scatter_zi.o)
    0x0000033c   0x00000002   Code   RO         1983    .ARM.Collect$$libinit$$00000000  c_w.l(libinit.o)
    0x0000033e   0x00000004   Code   RO         1986    .ARM.Collect$$libinit$$00000001  c_w.l(libinit2.o)
    0x00000342   0x00000000   Code   RO         1989    .ARM.Collect$$libinit$$00000004  c_w.l(libinit2.o)
    0x00000342   0x00000000   Code   RO         1992    .ARM.Collect$$libinit$$0000000A  c_w.l(libinit2.o)
    0x00000342   0x00000000   Code   RO         1994    .ARM.Collect$$libinit$$0000000C  c_w.l(libinit2.o)
    0x00000342   0x00000000   Code   RO         1996    .ARM.Collect$$libinit$$0000000E  c_w.l(libinit2.o)
    0x00000342   0x00000000   Code   RO         1999    .ARM.Collect$$libinit$$00000011  c_w.l(libinit2.o)
    0x00000342   0x00000000   Code   RO         2001    .ARM.Collect$$libinit$$00000013  c_w.l(libinit2.o)
    0x00000342   0x00000000   Code   RO         2003    .ARM.Collect$$libinit$$00000015  c_w.l(libinit2.o)
    0x00000342   0x00000000   Code   RO         2005    .ARM.Collect$$libinit$$00000017  c_w.l(libinit2.o)
    0x00000342   0x00000000   Code   RO         2007    .ARM.Collect$$libinit$$00000019  c_w.l(libinit2.o)
    0x00000342   0x00000000   Code   RO         2009    .ARM.Collect$$libinit$$0000001B  c_w.l(libinit2.o)
    0x00000342   0x00000000   Code   RO         2011    .ARM.Collect$$libinit$$0000001D  c_w.l(libinit2.o)
    0x00000342   0x00000000   Code   RO         2013    .ARM.Collect$$libinit$$0000001F  c_w.l(libinit2.o)
    0x00000342   0x00000000   Code   RO         2015    .ARM.Collect$$libinit$$00000021  c_w.l(libinit2.o)
    0x00000342   0x00000000   Code   RO         2017    .ARM.Collect$$libinit$$00000023  c_w.l(libinit2.o)
    0x00000342   0x00000000   Code   RO         2019    .ARM.Collect$$libinit$$00000025  c_w.l(libinit2.o)
    0x00000342   0x00000000   Code   RO         2023    .ARM.Collect$$libinit$$0000002C  c_w.l(libinit2.o)
    0x00000342   0x00000000   Code   RO         2025    .ARM.Collect$$libinit$$0000002E  c_w.l(libinit2.o)
    0x00000342   0x00000000   Code   RO         2027    .ARM.Collect$$libinit$$00000030  c_w.l(libinit2.o)
    0x00000342   0x00000000   Code   RO         2029    .ARM.Collect$$libinit$$00000032  c_w.l(libinit2.o)
    0x00000342   0x00000002   Code   RO         2030    .ARM.Collect$$libinit$$00000033  c_w.l(libinit2.o)
    0x00000344   0x00000002   Code   RO         2050    .ARM.Collect$$libshutdown$$00000000  c_w.l(libshutdown.o)
    0x00000346   0x00000000   Code   RO         2063    .ARM.Collect$$libshutdown$$00000002  c_w.l(libshutdown2.o)
    0x00000346   0x00000000   Code   RO         2065    .ARM.Collect$$libshutdown$$00000004  c_w.l(libshutdown2.o)
    0x00000346   0x00000000   Code   RO         2068    .ARM.Collect$$libshutdown$$00000007  c_w.l(libshutdown2.o)
    0x00000346   0x00000000   Code   RO         2071    .ARM.Collect$$libshutdown$$0000000A  c_w.l(libshutdown2.o)
    0x00000346   0x00000000   Code   RO         2073    .ARM.Collect$$libshutdown$$0000000C  c_w.l(libshutdown2.o)
    0x00000346   0x00000000   Code   RO         2076    .ARM.Collect$$libshutdown$$0000000F  c_w.l(libshutdown2.o)
    0x00000346   0x00000002   Code   RO         2077    .ARM.Collect$$libshutdown$$00000010  c_w.l(libshutdown2.o)
    0x00000348   0x00000000   Code   RO         1914    .ARM.Collect$$rtentry$$00000000  c_w.l(__rtentry.o)
    0x00000348   0x00000000   Code   RO         1950    .ARM.Collect$$rtentry$$00000002  c_w.l(__rtentry2.o)
    0x00000348   0x00000006   Code   RO         1962    .ARM.Collect$$rtentry$$00000004  c_w.l(__rtentry4.o)
    0x0000034e   0x00000000   Code   RO         1952    .ARM.Collect$$rtentry$$00000009  c_w.l(__rtentry2.o)
    0x0000034e   0x00000004   Code   RO         1953    .ARM.Collect$$rtentry$$0000000A  c_w.l(__rtentry2.o)
    0x00000352   0x00000000   Code   RO         1955    .ARM.Collect$$rtentry$$0000000C  c_w.l(__rtentry2.o)
    0x00000352   0x00000008   Code   RO         1956    .ARM.Collect$$rtentry$$0000000D  c_w.l(__rtentry2.o)
    0x0000035a   0x00000002   Code   RO         1984    .ARM.Collect$$rtexit$$00000000  c_w.l(rtexit.o)
    0x0000035c   0x00000000   Code   RO         2032    .ARM.Collect$$rtexit$$00000002  c_w.l(rtexit2.o)
    0x0000035c   0x00000004   Code   RO         2033    .ARM.Collect$$rtexit$$00000003  c_w.l(rtexit2.o)
    0x00000360   0x00000006   Code   RO         2034    .ARM.Collect$$rtexit$$00000004  c_w.l(rtexit2.o)
    0x00000366   0x00000002   PAD
    0x00000368   0x00000006   Code   RO          902    .emb_text           driverlib.lib(sysctl.o)
    0x0000036e   0x00000002   PAD
    0x00000370   0x00000018   Code   RO            4    .text               startup_rvmdk.o
    0x00000388   0x00000080   Code   RO         1856    .text               c_w.l(strcmpv7m.o)
    0x00000408   0x00000006   Code   RO         1858    .text               c_w.l(heapauxi.o)
    0x0000040e   0x00000016   Code   RO         1915    .text               c_w.l(_rserrno.o)
    0x00000424   0x00000008   Code   RO         1967    .text               c_w.l(rt_errno_addr_intlibspace.o)
    0x0000042c   0x00000008   Code   RO         1971    .text               c_w.l(libspace.o)
    0x00000434   0x0000004a   Code   RO         1974    .text               c_w.l(sys_stackheap_outer.o)
    0x0000047e   0x00000012   Code   RO         1976    .text               c_w.l(exit.o)
    0x00000490   0x0000000c   Code   RO         2042    .text               c_w.l(sys_exit.o)
    0x0000049c   0x00000002   Code   RO         2053    .text               c_w.l(use_no_semi.o)
    0x0000049e   0x00000000   Code   RO         2055    .text               c_w.l(indicate_semi.o)
    0x0000049e   0x00000028   Code   RO          477    i.GPIODirModeSet    driverlib.lib(gpio.o)
    0x000004c6   0x00000138   Code   RO          487    i.GPIOPadConfigSet  driverlib.lib(gpio.o)
    0x000005fe   0x00000002   PAD
    0x00000600   0x00000044   Code   RO          488    i.GPIOPinConfigure  driverlib.lib(gpio.o)
    0x00000644   0x0000001c   Code   RO          499    i.GPIOPinTypeGPIOOutput  driverlib.lib(gpio.o)
    0x00000660   0x00000006   Code   RO          517    i.GPIOPinWrite      driverlib.lib(gpio.o)
    0x00000666   0x00000002   PAD
    0x00000668   0x00000064   Code   RO          787    i.IntEnable         driverlib.lib(interrupt.o)
    0x000006cc   0x00000028   Code   RO          798    i.IntPrioritySet    driverlib.lib(interrupt.o)
    0x000006f4   0x00000034   Code   RO          799    i.IntRegister       driverlib.lib(interrupt.o)
    0x00000728   0x0000005c   Code   RO          184    i.Motor1            motorcontrol.o
    0x00000784   0x00000054   Code   RO          185    i.Motor2            motorcontrol.o
    0x000007d8   0x00000054   Code   RO          186    i.Motor3            motorcontrol.o
    0x0000082c   0x00000194   Code   RO          187    i.MotorInput_Init   motorcontrol.o
    0x000009c0   0x00000178   Code   RO          217    i.PWM_Init          pwm.o
    0x00000b38   0x00000080   Code   RO          433    i.SetupI2C          i2c.o
    0x00000bb8   0x00000154   Code   RO          905    i.SysCtlClockGet    driverlib.lib(sysctl.o)
    0x00000d0c   0x00000028   Code   RO          936    i.SysCtlPeripheralEnable  driverlib.lib(sysctl.o)
    0x00000d34   0x00000008   Code   RO         1252    i.SysTickValueGet   driverlib.lib(systick.o)
    0x00000d3c   0x00000010   Code   RO         1319    i.TimerDisable      driverlib.lib(timer.o)
    0x00000d4c   0x00000004   Code   RO         1321    i.TimerIntClear     driverlib.lib(timer.o)
    0x00000d50   0x00000068   Code   RO         1324    i.TimerIntRegister  driverlib.lib(timer.o)
    0x00000db8   0x000000d8   Code   RO           11    i.UART2Setup        main.o
    0x00000e90   0x000001f0   Code   RO           12    i.UART4Handler      main.o
    0x00001080   0x000000e4   Code   RO           13    i.UART4Setup        main.o
    0x00001164   0x00000010   Code   RO         1556    i.UARTCharGetNonBlocking  driverlib.lib(uart.o)
    0x00001174   0x0000000a   Code   RO         1559    i.UARTCharsAvail    driverlib.lib(uart.o)
    0x0000117e   0x0000000a   Code   RO         1571    i.UARTFIFOEnable    driverlib.lib(uart.o)
    0x00001188   0x00000004   Code   RO         1576    i.UARTIntClear      driverlib.lib(uart.o)
    0x0000118c   0x00000058   Code   RO         1579    i.UARTIntRegister   driverlib.lib(uart.o)
    0x000011e4   0x00000026   Code   RO         1930    i.__ARM_fpclassifyf  m_wm.l(fpclassifyf.o)
    0x0000120a   0x00000002   PAD
    0x0000120c   0x00000250   Code   RO         1866    i.__hardfp_atan2f   m_wm.l(atan2f.o)
    0x0000145c   0x00000150   Code   RO         1878    i.__hardfp_cosf     m_wm.l(cosf.o)
    0x000015ac   0x00000190   Code   RO         1890    i.__hardfp_sinf     m_wm.l(sinf.o)
    0x0000173c   0x0000007a   Code   RO         1902    i.__hardfp_sqrt     m_wm.l(sqrt.o)
    0x000017b6   0x00000006   Code   RO         1933    i.__mathlib_flt_infnan  m_wm.l(funder.o)
    0x000017bc   0x00000006   Code   RO         1934    i.__mathlib_flt_infnan2  m_wm.l(funder.o)
    0x000017c2   0x00000002   PAD
    0x000017c4   0x00000010   Code   RO         1935    i.__mathlib_flt_invalid  m_wm.l(funder.o)
    0x000017d4   0x00000010   Code   RO         1938    i.__mathlib_flt_underflow  m_wm.l(funder.o)
    0x000017e4   0x00000154   Code   RO         1946    i.__mathlib_rredf2  m_wm.l(rredf.o)
    0x00001938   0x0000016c   Code   RO           14    i.convertFromRobotVelToMotorVel  main.o
    0x00001aa4   0x000006b8   Code   RO           15    i.ctrlHandler       main.o
    0x0000215c   0x00000044   Code   RO           16    i.fireHandler       main.o
    0x000021a0   0x000000fc   Code   RO          406    i.gyroTimerHandler  gyrompu6050.o
    0x0000229c   0x000001dc   Code   RO          407    i.gyroTimerInit     gyrompu6050.o
    0x00002478   0x00000108   Code   RO          434    i.i2cRecvBuf        i2c.o
    0x00002580   0x00000100   Code   RO          437    i.i2cSendByte       i2c.o
    0x00002680   0x00000200   Code   RO           17    i.main              main.o
    0x00002880   0x0000000c   Code   RO          247    i.pwmB4Generate     pwmforservo.o
    0x0000288c   0x0000000c   Code   RO          248    i.pwmB5Generate     pwmforservo.o
    0x00002898   0x000000e8   Code   RO          249    i.pwmModuleInit     pwmforservo.o
    0x00002980   0x0000000c   Code   RO          218    i.set_duty1         pwm.o
    0x0000298c   0x0000000c   Code   RO          219    i.set_duty2         pwm.o
    0x00002998   0x0000000c   Code   RO          220    i.set_duty3         pwm.o
    0x000029a4   0x00000022   Code   RO          277    i.sysTickDelay      systickdelay.o
    0x000029c6   0x0000001e   Code   RO          279    i.sysTickSetup      systickdelay.o
    0x000029e4   0x00000020   Code   RO          280    i.sysTickWait       systickdelay.o
    0x00002a04   0x00000084   Code   RO           18    i.timer1AHandler    main.o
    0x00002a88   0x00000068   Code   RO           19    i.timer1AInit       main.o
    0x00002af0   0x00000040   Code   RO          309    i.wTimer1BHandler   timerinitialization.o
    0x00002b30   0x00000074   Code   RO          310    i.wTimer1BInit      timerinitialization.o
    0x00002ba4   0x00000074   Code   RO           20    i.wTimer3BInit      main.o
    0x00002c18   0x00000062   Code   RO         1862    x$fpl$d2f           fz_wm.l(d2f.o)
    0x00002c7a   0x0000009c   Code   RO         1919    x$fpl$dnaninf       fz_wm.l(dnaninf.o)
    0x00002d16   0x0000000c   Code   RO         1921    x$fpl$dretinf       fz_wm.l(dretinf.o)
    0x00002d22   0x00000002   PAD
    0x00002d24   0x00000198   Code   RO         1923    x$fpl$dsqrt         fz_wm.l(dsqrt_umaal.o)
    0x00002ebc   0x00000056   Code   RO         1864    x$fpl$f2d           fz_wm.l(f2d.o)
    0x00002f12   0x0000008c   Code   RO         1925    x$fpl$fnaninf       fz_wm.l(fnaninf.o)
    0x00002f9e   0x0000000a   Code   RO         2040    x$fpl$fpinit        fz_wm.l(fpinit.o)
    0x00002fa8   0x0000000a   Code   RO         1927    x$fpl$fretinf       fz_wm.l(fretinf.o)
    0x00002fb2   0x00000000   Code   RO         1929    x$fpl$usenofp       fz_wm.l(usenofp.o)
    0x00002fb2   0x00000002   PAD
    0x00002fb4   0x00000210   Data   RO          518    .constdata          driverlib.lib(gpio.o)
    0x000031c4   0x0000010c   Data   RO          803    .constdata          driverlib.lib(interrupt.o)
    0x000032d0   0x000001c4   Data   RO          957    .constdata          driverlib.lib(sysctl.o)
    0x00003494   0x000000a0   Data   RO         1345    .constdata          driverlib.lib(timer.o)
    0x00003534   0x00000080   Data   RO         1596    .constdata          driverlib.lib(uart.o)
    0x000035b4   0x00000020   Data   RO         1947    .constdata          m_wm.l(rredf.o)
    0x000035d4   0x00000020   Data   RO         2108    Region$$Table       anon$$obj.o


    Execution Region ER_RW (Base: 0x20000000, Size: 0x0000066c, Max: 0xffffffff, ABSOLUTE, COMPRESSED[0x0000005c])

    Base Addr    Size         Type   Attr      Idx    E Section Name        Object

    0x20000000   0x000000e8   Data   RW           23    .data               main.o
    0x200000e8   0x00000028   Data   RW          410    .data               gyrompu6050.o
    0x20000110   0x00000004   Data   RW          438    .data               i2c.o
    0x20000114   0x000002ec   PAD
    0x20000400   0x0000026c   Data   RW          804    vtable              driverlib.lib(interrupt.o)


    Execution Region ER_ZI (Base: 0x2000066c, Size: 0x000001cc, Max: 0xffffffff, ABSOLUTE)

    Base Addr    Size         Type   Attr      Idx    E Section Name        Object

    0x2000066c   0x0000005c   Zero   RW           21    .bss                main.o
    0x200006c8   0x0000000e   Zero   RW          408    .bss                gyrompu6050.o
    0x200006d6   0x00000002   PAD
    0x200006d8   0x00000060   Zero   RW         1972    .bss                c_w.l(libspace.o)
    0x20000738   0x00000000   Zero   RW            2    HEAP                startup_rvmdk.o
    0x20000738   0x00000100   Zero   RW            1    STACK               startup_rvmdk.o


==============================================================================

Image component sizes


      Code (inc. data)   RO Data    RW Data    ZI Data      Debug   Object Name

       728         92          0         40         14       2033   gyrompu6050.o
       648         24          0          4          0       2517   i2c.o
      3956        456          0        232         92      13474   main.o
       664         76          0          0          0       2381   motorcontrol.o
       412         50          0          0          0       1987   pwm.o
       256         38          0          0          0       1492   pwmforservo.o
       672        636          0          0        256        524   startup_rvmdk.o
        96          0          0          0          0       2024   systickdelay.o
       180         24          0          0          0       1021   timerinitialization.o

    ----------------------------------------------------------------------
      7612       1396         32       1024        364      27453   Object Totals
         0          0         32          0          0          0   (incl. Generated)
         0          0          0        748          2          0   (incl. Padding)

    ----------------------------------------------------------------------

      Code (inc. data)   RO Data    RW Data    ZI Data      Debug   Library Member Name

        90          0          0          0          0          0   __dczerorl2.o
         8          0          0          0          0         68   __main.o
         0          0          0          0          0          0   __rtentry.o
        12          0          0          0          0          0   __rtentry2.o
         6          0          0          0          0          0   __rtentry4.o
        52          8          0          0          0          0   __scatter.o
        28          0          0          0          0          0   __scatter_zi.o
        22          0          0          0          0        100   _rserrno.o
        18          0          0          0          0         80   exit.o
         6          0          0          0          0        152   heapauxi.o
         0          0          0          0          0          0   indicate_semi.o
         2          0          0          0          0          0   libinit.o
         6          0          0          0          0          0   libinit2.o
         2          0          0          0          0          0   libshutdown.o
         2          0          0          0          0          0   libshutdown2.o
         8          4          0          0         96         68   libspace.o
         8          4          0          0          0         68   rt_errno_addr_intlibspace.o
         2          0          0          0          0          0   rtexit.o
        10          0          0          0          0          0   rtexit2.o
       128          0          0          0          0         68   strcmpv7m.o
        12          4          0          0          0         68   sys_exit.o
        74          0          0          0          0         80   sys_stackheap_outer.o
         2          0          0          0          0         68   use_no_semi.o
       454          8        528          0          0       7126   gpio.o
       192         20        268        620          0       2679   interrupt.o
       386         40        452          0          0       3462   sysctl.o
         8          0          0          0          0        486   systick.o
       124         16        160          0          0       2742   timer.o
       128         18        128          0          0       3769   uart.o
        98          4          0          0          0        140   d2f.o
       156          4          0          0          0        140   dnaninf.o
        12          0          0          0          0        116   dretinf.o
       408         56          0          0          0        168   dsqrt_umaal.o
        86          4          0          0          0        132   f2d.o
       140          4          0          0          0        132   fnaninf.o
        10          0          0          0          0        116   fpinit.o
        10          0          0          0          0        116   fretinf.o
         0          0          0          0          0          0   usenofp.o
       592         90          0          0          0        184   atan2f.o
       336         56          0          0          0        136   cosf.o
        38          0          0          0          0        116   fpclassifyf.o
        44         12          0          0          0        464   funder.o
       340         24         32          0          0        160   rredf.o
       400         56          0          0          0        212   sinf.o
       122          0          0          0          0        148   sqrt.o

    ----------------------------------------------------------------------
      4600        432       1568        620         96      23564   Library Totals
        18          0          0          0          0          0   (incl. Padding)

    ----------------------------------------------------------------------

      Code (inc. data)   RO Data    RW Data    ZI Data      Debug   Library Name

       498         20          0          0         96        820   c_w.l
      1292        102       1536        620          0      20264   driverlib.lib
       920         72          0          0          0       1060   fz_wm.l
      1872        238         32          0          0       1420   m_wm.l

    ----------------------------------------------------------------------
      4600        432       1568        620         96      23564   Library Totals

    ----------------------------------------------------------------------

==============================================================================


      Code (inc. data)   RO Data    RW Data    ZI Data      Debug   

     12212       1828       1600       1644        460      44905   Grand Totals
     12212       1828       1600         92        460      44905   ELF Image Totals (compressed)
     12212       1828       1600         92          0          0   ROM Totals

==============================================================================

    Total RO  Size (Code + RO Data)                13812 (  13.49kB)
    Total RW  Size (RW Data + ZI Data)              2104 (   2.05kB)
    Total ROM Size (Code + RO Data + RW Data)      13904 (  13.58kB)

==============================================================================

